Archive member included to satisfy reference by file (symbol)

c:/st/stm32cubeide_1.8.0/stm32cubeide/plugins/com.st.stm32cube.ide.mcu.externaltools.gnu-tools-for-stm32.9-2020-q2-update.win32_2.0.0.202105311346/tools/bin/../lib/gcc/arm-none-eabi/9.3.1/../../../../arm-none-eabi/lib/thumb/v7e-m+fp/hard\libc_nano.a(lib_a-errno.o)
                              ./Core/Src/syscalls.o (__errno)
c:/st/stm32cubeide_1.8.0/stm32cubeide/plugins/com.st.stm32cube.ide.mcu.externaltools.gnu-tools-for-stm32.9-2020-q2-update.win32_2.0.0.202105311346/tools/bin/../lib/gcc/arm-none-eabi/9.3.1/../../../../arm-none-eabi/lib/thumb/v7e-m+fp/hard\libc_nano.a(lib_a-exit.o)
                              c:/st/stm32cubeide_1.8.0/stm32cubeide/plugins/com.st.stm32cube.ide.mcu.externaltools.gnu-tools-for-stm32.9-2020-q2-update.win32_2.0.0.202105311346/tools/bin/../lib/gcc/arm-none-eabi/9.3.1/../../../../arm-none-eabi/lib/thumb/v7e-m+fp/hard/crt0.o (exit)
c:/st/stm32cubeide_1.8.0/stm32cubeide/plugins/com.st.stm32cube.ide.mcu.externaltools.gnu-tools-for-stm32.9-2020-q2-update.win32_2.0.0.202105311346/tools/bin/../lib/gcc/arm-none-eabi/9.3.1/../../../../arm-none-eabi/lib/thumb/v7e-m+fp/hard\libc_nano.a(lib_a-impure.o)
                              c:/st/stm32cubeide_1.8.0/stm32cubeide/plugins/com.st.stm32cube.ide.mcu.externaltools.gnu-tools-for-stm32.9-2020-q2-update.win32_2.0.0.202105311346/tools/bin/../lib/gcc/arm-none-eabi/9.3.1/../../../../arm-none-eabi/lib/thumb/v7e-m+fp/hard\libc_nano.a(lib_a-exit.o) (_global_impure_ptr)
c:/st/stm32cubeide_1.8.0/stm32cubeide/plugins/com.st.stm32cube.ide.mcu.externaltools.gnu-tools-for-stm32.9-2020-q2-update.win32_2.0.0.202105311346/tools/bin/../lib/gcc/arm-none-eabi/9.3.1/../../../../arm-none-eabi/lib/thumb/v7e-m+fp/hard\libc_nano.a(lib_a-init.o)
                              c:/st/stm32cubeide_1.8.0/stm32cubeide/plugins/com.st.stm32cube.ide.mcu.externaltools.gnu-tools-for-stm32.9-2020-q2-update.win32_2.0.0.202105311346/tools/bin/../lib/gcc/arm-none-eabi/9.3.1/../../../../arm-none-eabi/lib/thumb/v7e-m+fp/hard/crt0.o (__libc_init_array)
c:/st/stm32cubeide_1.8.0/stm32cubeide/plugins/com.st.stm32cube.ide.mcu.externaltools.gnu-tools-for-stm32.9-2020-q2-update.win32_2.0.0.202105311346/tools/bin/../lib/gcc/arm-none-eabi/9.3.1/../../../../arm-none-eabi/lib/thumb/v7e-m+fp/hard\libc_nano.a(lib_a-memset.o)
                              c:/st/stm32cubeide_1.8.0/stm32cubeide/plugins/com.st.stm32cube.ide.mcu.externaltools.gnu-tools-for-stm32.9-2020-q2-update.win32_2.0.0.202105311346/tools/bin/../lib/gcc/arm-none-eabi/9.3.1/../../../../arm-none-eabi/lib/thumb/v7e-m+fp/hard/crt0.o (memset)

Allocating common symbols
Common symbol       size              file

hUsbDeviceFS        0x2d0             ./USB_DEVICE/App/usb_device.o
hpcd_USB_OTG_FS     0x408             ./USB_DEVICE/Target/usbd_conf.o
uwTick              0x4               ./Drivers/STM32L4xx_HAL_Driver/Src/stm32l4xx_hal.o
UserRxBufferFS      0x800             ./USB_DEVICE/App/usbd_cdc_if.o
UserTxBufferFS      0x800             ./USB_DEVICE/App/usbd_cdc_if.o
htim1               0x4c              ./Core/Src/stm32l4xx_hal_timebase_tim.o
USBD_StrDesc        0x200             ./USB_DEVICE/App/usbd_desc.o

Discarded input sections

 .text          0x0000000000000000        0x0 c:/st/stm32cubeide_1.8.0/stm32cubeide/plugins/com.st.stm32cube.ide.mcu.externaltools.gnu-tools-for-stm32.9-2020-q2-update.win32_2.0.0.202105311346/tools/bin/../lib/gcc/arm-none-eabi/9.3.1/thumb/v7e-m+fp/hard/crti.o
 .data          0x0000000000000000        0x0 c:/st/stm32cubeide_1.8.0/stm32cubeide/plugins/com.st.stm32cube.ide.mcu.externaltools.gnu-tools-for-stm32.9-2020-q2-update.win32_2.0.0.202105311346/tools/bin/../lib/gcc/arm-none-eabi/9.3.1/thumb/v7e-m+fp/hard/crti.o
 .bss           0x0000000000000000        0x0 c:/st/stm32cubeide_1.8.0/stm32cubeide/plugins/com.st.stm32cube.ide.mcu.externaltools.gnu-tools-for-stm32.9-2020-q2-update.win32_2.0.0.202105311346/tools/bin/../lib/gcc/arm-none-eabi/9.3.1/thumb/v7e-m+fp/hard/crti.o
 .data          0x0000000000000000        0x4 c:/st/stm32cubeide_1.8.0/stm32cubeide/plugins/com.st.stm32cube.ide.mcu.externaltools.gnu-tools-for-stm32.9-2020-q2-update.win32_2.0.0.202105311346/tools/bin/../lib/gcc/arm-none-eabi/9.3.1/thumb/v7e-m+fp/hard/crtbegin.o
 .text          0x0000000000000000       0x7c c:/st/stm32cubeide_1.8.0/stm32cubeide/plugins/com.st.stm32cube.ide.mcu.externaltools.gnu-tools-for-stm32.9-2020-q2-update.win32_2.0.0.202105311346/tools/bin/../lib/gcc/arm-none-eabi/9.3.1/../../../../arm-none-eabi/lib/thumb/v7e-m+fp/hard/crt0.o
 .data          0x0000000000000000        0x0 c:/st/stm32cubeide_1.8.0/stm32cubeide/plugins/com.st.stm32cube.ide.mcu.externaltools.gnu-tools-for-stm32.9-2020-q2-update.win32_2.0.0.202105311346/tools/bin/../lib/gcc/arm-none-eabi/9.3.1/../../../../arm-none-eabi/lib/thumb/v7e-m+fp/hard/crt0.o
[...]
Memory Configuration

Name             Origin             Length             Attributes
RAM              0x0000000020000000 0x00000000000a0000 xrw
RAM2             0x0000000010000000 0x0000000000010000 xrw
RAM3             0x0000000020040000 0x0000000000060000 xrw
FLASH            0x0000000008000000 0x0000000000200000 xr
*default*        0x0000000000000000 0xffffffffffffffff

Linker script and memory map

LOAD c:/st/stm32cubeide_1.8.0/stm32cubeide/plugins/com.st.stm32cube.ide.mcu.externaltools.gnu-tools-for-stm32.9-2020-q2-update.win32_2.0.0.202105311346/tools/bin/../lib/gcc/arm-none-eabi/9.3.1/thumb/v7e-m+fp/hard/crti.o
LOAD c:/st/stm32cubeide_1.8.0/stm32cubeide/plugins/com.st.stm32cube.ide.mcu.externaltools.gnu-tools-for-stm32.9-2020-q2-update.win32_2.0.0.202105311346/tools/bin/../lib/gcc/arm-none-eabi/9.3.1/thumb/v7e-m+fp/hard/crtbegin.o
LOAD c:/st/stm32cubeide_1.8.0/stm32cubeide/plugins/com.st.stm32cube.ide.mcu.externaltools.gnu-tools-for-stm32.9-2020-q2-update.win32_2.0.0.202105311346/tools/bin/../lib/gcc/arm-none-eabi/9.3.1/../../../../arm-none-eabi/lib/thumb/v7e-m+fp/hard/crt0.o
LOAD ./Core/Src/gpio.o
LOAD ./Core/Src/main.o
LOAD ./Core/Src/stm32l4xx_hal_msp.o
LOAD ./Core/Src/stm32l4xx_hal_timebase_tim.o
LOAD ./Core/Src/stm32l4xx_it.o
LOAD ./Core/Src/syscalls.o
LOAD ./Core/Src/sysmem.o
LOAD ./Core/Src/system_stm32l4xx.o
LOAD ./Core/Startup/startup_stm32l4s5vitx.o
LOAD ./Drivers/STM32L4xx_HAL_Driver/Src/stm32l4xx_hal.o
LOAD ./Drivers/STM32L4xx_HAL_Driver/Src/stm32l4xx_hal_cortex.o
LOAD ./Drivers/STM32L4xx_HAL_Driver/Src/stm32l4xx_hal_dma.o
LOAD ./Drivers/STM32L4xx_HAL_Driver/Src/stm32l4xx_hal_dma_ex.o
LOAD ./Drivers/STM32L4xx_HAL_Driver/Src/stm32l4xx_hal_exti.o
LOAD ./Drivers/STM32L4xx_HAL_Driver/Src/stm32l4xx_hal_flash.o
LOAD ./Drivers/STM32L4xx_HAL_Driver/Src/stm32l4xx_hal_flash_ex.o
LOAD ./Drivers/STM32L4xx_HAL_Driver/Src/stm32l4xx_hal_flash_ramfunc.o
LOAD ./Drivers/STM32L4xx_HAL_Driver/Src/stm32l4xx_hal_gpio.o
LOAD ./Drivers/STM32L4xx_HAL_Driver/Src/stm32l4xx_hal_i2c.o
LOAD ./Drivers/STM32L4xx_HAL_Driver/Src/stm32l4xx_hal_i2c_ex.o
LOAD ./Drivers/STM32L4xx_HAL_Driver/Src/stm32l4xx_hal_pcd.o
LOAD ./Drivers/STM32L4xx_HAL_Driver/Src/stm32l4xx_hal_pcd_ex.o
LOAD ./Drivers/STM32L4xx_HAL_Driver/Src/stm32l4xx_hal_pwr.o
LOAD ./Drivers/STM32L4xx_HAL_Driver/Src/stm32l4xx_hal_pwr_ex.o
LOAD ./Drivers/STM32L4xx_HAL_Driver/Src/stm32l4xx_hal_rcc.o
LOAD ./Drivers/STM32L4xx_HAL_Driver/Src/stm32l4xx_hal_rcc_ex.o
LOAD ./Drivers/STM32L4xx_HAL_Driver/Src/stm32l4xx_hal_tim.o
LOAD ./Drivers/STM32L4xx_HAL_Driver/Src/stm32l4xx_hal_tim_ex.o
LOAD ./Drivers/STM32L4xx_HAL_Driver/Src/stm32l4xx_ll_usb.o
LOAD ./Middlewares/ST/STM32_USB_Device_Library/Class/CDC/Src/usbd_cdc.o
LOAD ./Middlewares/ST/STM32_USB_Device_Library/Core/Src/usbd_core.o
LOAD ./Middlewares/ST/STM32_USB_Device_Library/Core/Src/usbd_ctlreq.o
LOAD ./Middlewares/ST/STM32_USB_Device_Library/Core/Src/usbd_ioreq.o
LOAD ./USB_DEVICE/App/usb_device.o
LOAD ./USB_DEVICE/App/usbd_cdc_if.o
LOAD ./USB_DEVICE/App/usbd_desc.o
LOAD ./USB_DEVICE/Target/usbd_conf.o
START GROUP
LOAD c:/st/stm32cubeide_1.8.0/stm32cubeide/plugins/com.st.stm32cube.ide.mcu.externaltools.gnu-tools-for-stm32.9-2020-q2-update.win32_2.0.0.202105311346/tools/bin/../lib/gcc/arm-none-eabi/9.3.1/../../../../arm-none-eabi/lib/thumb/v7e-m+fp/hard\libstdc++_nano.a
LOAD c:/st/stm32cubeide_1.8.0/stm32cubeide/plugins/com.st.stm32cube.ide.mcu.externaltools.gnu-tools-for-stm32.9-2020-q2-update.win32_2.0.0.202105311346/tools/bin/../lib/gcc/arm-none-eabi/9.3.1/../../../../arm-none-eabi/lib/thumb/v7e-m+fp/hard\libsupc++_nano.a
END GROUP
LOAD c:/st/stm32cubeide_1.8.0/stm32cubeide/plugins/com.st.stm32cube.ide.mcu.externaltools.gnu-tools-for-stm32.9-2020-q2-update.win32_2.0.0.202105311346/tools/bin/../lib/gcc/arm-none-eabi/9.3.1/../../../../arm-none-eabi/lib/thumb/v7e-m+fp/hard\libstdc++_nano.a
LOAD c:/st/stm32cubeide_1.8.0/stm32cubeide/plugins/com.st.stm32cube.ide.mcu.externaltools.gnu-tools-for-stm32.9-2020-q2-update.win32_2.0.0.202105311346/tools/bin/../lib/gcc/arm-none-eabi/9.3.1/../../../../arm-none-eabi/lib/thumb/v7e-m+fp/hard\libm.a
LOAD c:/st/stm32cubeide_1.8.0/stm32cubeide/plugins/com.st.stm32cube.ide.mcu.externaltools.gnu-tools-for-stm32.9-2020-q2-update.win32_2.0.0.202105311346/tools/bin/../lib/gcc/arm-none-eabi/9.3.1/../../../../arm-none-eabi/lib/thumb/v7e-m+fp/hard\libc_nano.a
START GROUP
LOAD c:/st/stm32cubeide_1.8.0/stm32cubeide/plugins/com.st.stm32cube.ide.mcu.externaltools.gnu-tools-for-stm32.9-2020-q2-update.win32_2.0.0.202105311346/tools/bin/../lib/gcc/arm-none-eabi/9.3.1/thumb/v7e-m+fp/hard\libgcc.a
LOAD c:/st/stm32cubeide_1.8.0/stm32cubeide/plugins/com.st.stm32cube.ide.mcu.externaltools.gnu-tools-for-stm32.9-2020-q2-update.win32_2.0.0.202105311346/tools/bin/../lib/gcc/arm-none-eabi/9.3.1/../../../../arm-none-eabi/lib/thumb/v7e-m+fp/hard\libc_nano.a
END GROUP
START GROUP
LOAD c:/st/stm32cubeide_1.8.0/stm32cubeide/plugins/com.st.stm32cube.ide.mcu.externaltools.gnu-tools-for-stm32.9-2020-q2-update.win32_2.0.0.202105311346/tools/bin/../lib/gcc/arm-none-eabi/9.3.1/thumb/v7e-m+fp/hard\libgcc.a
LOAD c:/st/stm32cubeide_1.8.0/stm32cubeide/plugins/com.st.stm32cube.ide.mcu.externaltools.gnu-tools-for-stm32.9-2020-q2-update.win32_2.0.0.202105311346/tools/bin/../lib/gcc/arm-none-eabi/9.3.1/../../../../arm-none-eabi/lib/thumb/v7e-m+fp/hard\libc_nano.a
LOAD c:/st/stm32cubeide_1.8.0/stm32cubeide/plugins/com.st.stm32cube.ide.mcu.externaltools.gnu-tools-for-stm32.9-2020-q2-update.win32_2.0.0.202105311346/tools/bin/../lib/gcc/arm-none-eabi/9.3.1/../../../../arm-none-eabi/lib/thumb/v7e-m+fp/hard\libnosys.a
END GROUP
START GROUP
LOAD c:/st/stm32cubeide_1.8.0/stm32cubeide/plugins/com.st.stm32cube.ide.mcu.externaltools.gnu-tools-for-stm32.9-2020-q2-update.win32_2.0.0.202105311346/tools/bin/../lib/gcc/arm-none-eabi/9.3.1/thumb/v7e-m+fp/hard\libgcc.a
LOAD c:/st/stm32cubeide_1.8.0/stm32cubeide/plugins/com.st.stm32cube.ide.mcu.externaltools.gnu-tools-for-stm32.9-2020-q2-update.win32_2.0.0.202105311346/tools/bin/../lib/gcc/arm-none-eabi/9.3.1/../../../../arm-none-eabi/lib/thumb/v7e-m+fp/hard\libc_nano.a
LOAD c:/st/stm32cubeide_1.8.0/stm32cubeide/plugins/com.st.stm32cube.ide.mcu.externaltools.gnu-tools-for-stm32.9-2020-q2-update.win32_2.0.0.202105311346/tools/bin/../lib/gcc/arm-none-eabi/9.3.1/../../../../arm-none-eabi/lib/thumb/v7e-m+fp/hard\libnosys.a
END GROUP
LOAD c:/st/stm32cubeide_1.8.0/stm32cubeide/plugins/com.st.stm32cube.ide.mcu.externaltools.gnu-tools-for-stm32.9-2020-q2-update.win32_2.0.0.202105311346/tools/bin/../lib/gcc/arm-none-eabi/9.3.1/thumb/v7e-m+fp/hard/crtend.o
LOAD c:/st/stm32cubeide_1.8.0/stm32cubeide/plugins/com.st.stm32cube.ide.mcu.externaltools.gnu-tools-for-stm32.9-2020-q2-update.win32_2.0.0.202105311346/tools/bin/../lib/gcc/arm-none-eabi/9.3.1/thumb/v7e-m+fp/hard/crtn.o
                0x00000000200a0000                _estack = (ORIGIN (RAM) + LENGTH (RAM))
                0x0000000000000200                _Min_Heap_Size = 0x200
                0x0000000000000400                _Min_Stack_Size = 0x400

.isr_vector     0x0000000008000000      0x1bc
                0x0000000008000000                . = ALIGN (0x4)
 *(.isr_vector)
 .isr_vector    0x0000000008000000      0x1bc ./Core/Startup/startup_stm32l4s5vitx.o
                0x0000000008000000                g_pfnVectors
                0x00000000080001bc                . = ALIGN (0x4)

.text           0x00000000080001bc     0x754c
                0x00000000080001bc                . = ALIGN (0x4)
 *(.text)
 .text          0x00000000080001bc       0x40 c:/st/stm32cubeide_1.8.0/stm32cubeide/plugins/com.st.stm32cube.ide.mcu.externaltools.gnu-tools-for-stm32.9-2020-q2-update.win32_2.0.0.202105311346/tools/bin/../lib/gcc/arm-none-eabi/9.3.1/thumb/v7e-m+fp/hard/crtbegin.o
 *(.text*)
 .text.MX_GPIO_Init
                0x00000000080001fc       0x48 ./Core/Src/gpio.o
                0x00000000080001fc                MX_GPIO_Init
 .text.main     0x0000000008000244       0x40 ./Core/Src/main.o
                0x0000000008000244                main
 .text.SystemClock_Config
                0x0000000008000284       0x9c ./Core/Src/main.o
                0x0000000008000284                SystemClock_Config
 .text.HAL_TIM_PeriodElapsedCallback
                0x0000000008000320       0x24 ./Core/Src/main.o
                0x0000000008000320                HAL_TIM_PeriodElapsedCallback
 .text.Error_Handler
                0x0000000008000344        0xa ./Core/Src/main.o
                0x0000000008000344                Error_Handler
 *fill*         0x000000000800034e        0x2 
 .text.HAL_MspInit
                0x0000000008000350       0x48 ./Core/Src/stm32l4xx_hal_msp.o
                0x0000000008000350                HAL_MspInit
 .text.HAL_InitTick
                0x0000000008000398       0xac ./Core/Src/stm32l4xx_hal_timebase_tim.o
                0x0000000008000398                HAL_InitTick
 .text.NMI_Handler
                0x0000000008000444        0x6 ./Core/Src/stm32l4xx_it.o
                0x0000000008000444                NMI_Handler
 .text.HardFault_Handler
                0x000000000800044a        0x6 ./Core/Src/stm32l4xx_it.o
                0x000000000800044a                HardFault_Handler
 .text.MemManage_Handler
                0x0000000008000450        0x6 ./Core/Src/stm32l4xx_it.o
                0x0000000008000450                MemManage_Handler
 .text.BusFault_Handler
                0x0000000008000456        0x6 ./Core/Src/stm32l4xx_it.o
                0x0000000008000456                BusFault_Handler
 .text.UsageFault_Handler
                0x000000000800045c        0x6 ./Core/Src/stm32l4xx_it.o
                0x000000000800045c                UsageFault_Handler
 .text.SVC_Handler
                0x0000000008000462        0xe ./Core/Src/stm32l4xx_it.o
                0x0000000008000462                SVC_Handler
 .text.DebugMon_Handler
                0x0000000008000470        0xe ./Core/Src/stm32l4xx_it.o
                0x0000000008000470                DebugMon_Handler
 .text.PendSV_Handler
                0x000000000800047e        0xe ./Core/Src/stm32l4xx_it.o
                0x000000000800047e                PendSV_Handler
 .text.SysTick_Handler
                0x000000000800048c        0xe ./Core/Src/stm32l4xx_it.o
                0x000000000800048c                SysTick_Handler
 *fill*         0x000000000800049a        0x2 
 .text.TIM1_UP_TIM16_IRQHandler
                0x000000000800049c       0x14 ./Core/Src/stm32l4xx_it.o
                0x000000000800049c                TIM1_UP_TIM16_IRQHandler
 .text.OTG_FS_IRQHandler
                0x00000000080004b0       0x14 ./Core/Src/stm32l4xx_it.o
                0x00000000080004b0                OTG_FS_IRQHandler
 .text.SystemInit
                0x00000000080004c4       0x24 ./Core/Src/system_stm32l4xx.o
                0x00000000080004c4                SystemInit
 .text.Reset_Handler
                0x00000000080004e8       0x50 ./Core/Startup/startup_stm32l4s5vitx.o
                0x00000000080004e8                Reset_Handler
 .text.Default_Handler
                0x0000000008000538        0x2 ./Core/Startup/startup_stm32l4s5vitx.o
                0x0000000008000538                RTC_Alarm_IRQHandler
                0x0000000008000538                EXTI2_IRQHandler
                0x0000000008000538                TIM8_TRG_COM_IRQHandler
                0x0000000008000538                TIM8_CC_IRQHandler
                0x0000000008000538                TIM1_CC_IRQHandler
                0x0000000008000538                TSC_IRQHandler
                0x0000000008000538                TAMP_STAMP_IRQHandler
                0x0000000008000538                EXTI3_IRQHandler
                0x0000000008000538                LPTIM2_IRQHandler
                0x0000000008000538                DFSDM1_FLT1_IRQHandler
                0x0000000008000538                GFXMMU_IRQHandler
                0x0000000008000538                I2C3_ER_IRQHandler
                0x0000000008000538                DFSDM1_FLT2_IRQHandler
                0x0000000008000538                EXTI0_IRQHandler
                0x0000000008000538                I2C2_EV_IRQHandler
                0x0000000008000538                CAN1_RX0_IRQHandler
                0x0000000008000538                FPU_IRQHandler
                0x0000000008000538                LTDC_ER_IRQHandler
                0x0000000008000538                SPI1_IRQHandler
                0x0000000008000538                OCTOSPI1_IRQHandler
                0x0000000008000538                TIM6_DAC_IRQHandler
                0x0000000008000538                DCMI_IRQHandler
                0x0000000008000538                TIM8_UP_IRQHandler
                0x0000000008000538                OCTOSPI2_IRQHandler
                0x0000000008000538                DMA2_Channel2_IRQHandler
                0x0000000008000538                DMA1_Channel4_IRQHandler
                0x0000000008000538                SAI2_IRQHandler
                0x0000000008000538                ADC1_IRQHandler
                0x0000000008000538                DFSDM1_FLT3_IRQHandler
                0x0000000008000538                USART3_IRQHandler
                0x0000000008000538                DMA1_Channel7_IRQHandler
                0x0000000008000538                CAN1_RX1_IRQHandler
                0x0000000008000538                UART5_IRQHandler
                0x0000000008000538                TIM4_IRQHandler
                0x0000000008000538                DMA2_Channel1_IRQHandler
                0x0000000008000538                I2C1_EV_IRQHandler
                0x0000000008000538                DMAMUX1_OVR_IRQHandler
                0x0000000008000538                DMA1_Channel6_IRQHandler
                0x0000000008000538                UART4_IRQHandler
                0x0000000008000538                DMA2_Channel4_IRQHandler
                0x0000000008000538                TIM3_IRQHandler
                0x0000000008000538                RCC_IRQHandler
                0x0000000008000538                DMA1_Channel1_IRQHandler
                0x0000000008000538                Default_Handler
                0x0000000008000538                DMA2_Channel7_IRQHandler
                0x0000000008000538                EXTI15_10_IRQHandler
                0x0000000008000538                TIM7_IRQHandler
                0x0000000008000538                SDMMC1_IRQHandler
                0x0000000008000538                TIM5_IRQHandler
                0x0000000008000538                I2C3_EV_IRQHandler
                0x0000000008000538                EXTI9_5_IRQHandler
                0x0000000008000538                RTC_WKUP_IRQHandler
                0x0000000008000538                LTDC_IRQHandler
                0x0000000008000538                PVD_PVM_IRQHandler
                0x0000000008000538                SPI2_IRQHandler
                0x0000000008000538                CAN1_TX_IRQHandler
                0x0000000008000538                DMA2_Channel5_IRQHandler
                0x0000000008000538                DMA1_Channel5_IRQHandler
                0x0000000008000538                EXTI4_IRQHandler
                0x0000000008000538                RNG_IRQHandler
                0x0000000008000538                TIM1_TRG_COM_TIM17_IRQHandler
                0x0000000008000538                DMA1_Channel3_IRQHandler
                0x0000000008000538                COMP_IRQHandler
                0x0000000008000538                HASH_CRS_IRQHandler
                0x0000000008000538                WWDG_IRQHandler
                0x0000000008000538                I2C4_EV_IRQHandler
                0x0000000008000538                LPUART1_IRQHandler
                0x0000000008000538                DMA2_Channel6_IRQHandler
                0x0000000008000538                TIM2_IRQHandler
                0x0000000008000538                DMA2D_IRQHandler
                0x0000000008000538                EXTI1_IRQHandler
                0x0000000008000538                AES_IRQHandler
                0x0000000008000538                USART2_IRQHandler
                0x0000000008000538                DFSDM1_FLT0_IRQHandler
                0x0000000008000538                I2C2_ER_IRQHandler
                0x0000000008000538                DMA1_Channel2_IRQHandler
                0x0000000008000538                TIM8_BRK_IRQHandler
                0x0000000008000538                CAN1_SCE_IRQHandler
                0x0000000008000538                FLASH_IRQHandler
                0x0000000008000538                USART1_IRQHandler
                0x0000000008000538                SPI3_IRQHandler
                0x0000000008000538                I2C1_ER_IRQHandler
                0x0000000008000538                FMC_IRQHandler
                0x0000000008000538                LPTIM1_IRQHandler
                0x0000000008000538                I2C4_ER_IRQHandler
                0x0000000008000538                SAI1_IRQHandler
                0x0000000008000538                DMA2_Channel3_IRQHandler
                0x0000000008000538                TIM1_BRK_TIM15_IRQHandler
 .text.HAL_Init
                0x000000000800053a       0x30 ./Drivers/STM32L4xx_HAL_Driver/Src/stm32l4xx_hal.o
                0x000000000800053a                HAL_Init
 *fill*         0x000000000800056a        0x2 
 .text.HAL_IncTick
                0x000000000800056c       0x28 ./Drivers/STM32L4xx_HAL_Driver/Src/stm32l4xx_hal.o
                0x000000000800056c                HAL_IncTick
 .text.HAL_GetTick
                0x0000000008000594       0x18 ./Drivers/STM32L4xx_HAL_Driver/Src/stm32l4xx_hal.o
                0x0000000008000594                HAL_GetTick
 .text.HAL_Delay
                0x00000000080005ac       0x48 ./Drivers/STM32L4xx_HAL_Driver/Src/stm32l4xx_hal.o
                0x00000000080005ac                HAL_Delay
 .text.__NVIC_SetPriorityGrouping
                0x00000000080005f4       0x48 ./Drivers/STM32L4xx_HAL_Driver/Src/stm32l4xx_hal_cortex.o
 .text.__NVIC_GetPriorityGrouping
                0x000000000800063c       0x1c ./Drivers/STM32L4xx_HAL_Driver/Src/stm32l4xx_hal_cortex.o
 .text.__NVIC_EnableIRQ
                0x0000000008000658       0x3c ./Drivers/STM32L4xx_HAL_Driver/Src/stm32l4xx_hal_cortex.o
 .text.__NVIC_SetPriority
                0x0000000008000694       0x54 ./Drivers/STM32L4xx_HAL_Driver/Src/stm32l4xx_hal_cortex.o
 .text.NVIC_EncodePriority
                0x00000000080006e8       0x66 ./Drivers/STM32L4xx_HAL_Driver/Src/stm32l4xx_hal_cortex.o
 .text.HAL_NVIC_SetPriorityGrouping
                0x000000000800074e       0x16 ./Drivers/STM32L4xx_HAL_Driver/Src/stm32l4xx_hal_cortex.o
                0x000000000800074e                HAL_NVIC_SetPriorityGrouping
 .text.HAL_NVIC_SetPriority
                0x0000000008000764       0x38 ./Drivers/STM32L4xx_HAL_Driver/Src/stm32l4xx_hal_cortex.o
                0x0000000008000764                HAL_NVIC_SetPriority
 .text.HAL_NVIC_EnableIRQ
                0x000000000800079c       0x1c ./Drivers/STM32L4xx_HAL_Driver/Src/stm32l4xx_hal_cortex.o
                0x000000000800079c                HAL_NVIC_EnableIRQ
 .text.HAL_GPIO_Init
                0x00000000080007b8      0x324 ./Drivers/STM32L4xx_HAL_Driver/Src/stm32l4xx_hal_gpio.o
                0x00000000080007b8                HAL_GPIO_Init
 .text.HAL_PCD_Init
                0x0000000008000adc      0x248 ./Drivers/STM32L4xx_HAL_Driver/Src/stm32l4xx_hal_pcd.o
                0x0000000008000adc                HAL_PCD_Init
 .text.HAL_PCD_Start
                0x0000000008000d24       0x5e ./Drivers/STM32L4xx_HAL_Driver/Src/stm32l4xx_hal_pcd.o
                0x0000000008000d24                HAL_PCD_Start
 .text.HAL_PCD_IRQHandler
                0x0000000008000d82      0x732 ./Drivers/STM32L4xx_HAL_Driver/Src/stm32l4xx_hal_pcd.o
                0x0000000008000d82                HAL_PCD_IRQHandler
 .text.HAL_PCD_SetAddress
                0x00000000080014b4       0x4a ./Drivers/STM32L4xx_HAL_Driver/Src/stm32l4xx_hal_pcd.o
                0x00000000080014b4                HAL_PCD_SetAddress
 .text.HAL_PCD_EP_Open
                0x00000000080014fe       0xd0 ./Drivers/STM32L4xx_HAL_Driver/Src/stm32l4xx_hal_pcd.o
                0x00000000080014fe                HAL_PCD_EP_Open
 .text.HAL_PCD_EP_Close
                0x00000000080015ce       0x94 ./Drivers/STM32L4xx_HAL_Driver/Src/stm32l4xx_hal_pcd.o
                0x00000000080015ce                HAL_PCD_EP_Close
 .text.HAL_PCD_EP_Receive
                0x0000000008001662       0x7c ./Drivers/STM32L4xx_HAL_Driver/Src/stm32l4xx_hal_pcd.o
                0x0000000008001662                HAL_PCD_EP_Receive
 .text.HAL_PCD_EP_GetRxCount
                0x00000000080016de       0x30 ./Drivers/STM32L4xx_HAL_Driver/Src/stm32l4xx_hal_pcd.o
                0x00000000080016de                HAL_PCD_EP_GetRxCount
 .text.HAL_PCD_EP_Transmit
                0x000000000800170e       0x7a ./Drivers/STM32L4xx_HAL_Driver/Src/stm32l4xx_hal_pcd.o
                0x000000000800170e                HAL_PCD_EP_Transmit
 .text.HAL_PCD_EP_SetStall
                0x0000000008001788       0xc4 ./Drivers/STM32L4xx_HAL_Driver/Src/stm32l4xx_hal_pcd.o
                0x0000000008001788                HAL_PCD_EP_SetStall
 .text.HAL_PCD_EP_ClrStall
                0x000000000800184c       0xac ./Drivers/STM32L4xx_HAL_Driver/Src/stm32l4xx_hal_pcd.o
                0x000000000800184c                HAL_PCD_EP_ClrStall
 .text.PCD_WriteEmptyTxFifo
                0x00000000080018f8      0x110 ./Drivers/STM32L4xx_HAL_Driver/Src/stm32l4xx_hal_pcd.o
 .text.PCD_EP_OutXfrComplete_int
                0x0000000008001a08       0x9c ./Drivers/STM32L4xx_HAL_Driver/Src/stm32l4xx_hal_pcd.o
 .text.PCD_EP_OutSetupPacket_int
                0x0000000008001aa4       0x68 ./Drivers/STM32L4xx_HAL_Driver/Src/stm32l4xx_hal_pcd.o
 .text.HAL_PCDEx_SetTxFiFo
                0x0000000008001b0c       0x8e ./Drivers/STM32L4xx_HAL_Driver/Src/stm32l4xx_hal_pcd_ex.o
                0x0000000008001b0c                HAL_PCDEx_SetTxFiFo
 .text.HAL_PCDEx_SetRxFiFo
                0x0000000008001b9a       0x22 ./Drivers/STM32L4xx_HAL_Driver/Src/stm32l4xx_hal_pcd_ex.o
                0x0000000008001b9a                HAL_PCDEx_SetRxFiFo
 .text.HAL_PCDEx_ActivateLPM
                0x0000000008001bbc       0x48 ./Drivers/STM32L4xx_HAL_Driver/Src/stm32l4xx_hal_pcd_ex.o
                0x0000000008001bbc                HAL_PCDEx_ActivateLPM
 .text.HAL_PWREx_GetVoltageRange
                0x0000000008001c04       0x40 ./Drivers/STM32L4xx_HAL_Driver/Src/stm32l4xx_hal_pwr_ex.o
                0x0000000008001c04                HAL_PWREx_GetVoltageRange
 .text.HAL_PWREx_ControlVoltageScaling
                0x0000000008001c44      0x148 ./Drivers/STM32L4xx_HAL_Driver/Src/stm32l4xx_hal_pwr_ex.o
                0x0000000008001c44                HAL_PWREx_ControlVoltageScaling
 .text.HAL_PWREx_EnableVddUSB
                0x0000000008001d8c       0x20 ./Drivers/STM32L4xx_HAL_Driver/Src/stm32l4xx_hal_pwr_ex.o
                0x0000000008001d8c                HAL_PWREx_EnableVddUSB
 .text.HAL_RCC_OscConfig
                0x0000000008001dac      0x84c ./Drivers/STM32L4xx_HAL_Driver/Src/stm32l4xx_hal_rcc.o
                0x0000000008001dac                HAL_RCC_OscConfig
 .text.HAL_RCC_ClockConfig
                0x00000000080025f8      0x258 ./Drivers/STM32L4xx_HAL_Driver/Src/stm32l4xx_hal_rcc.o
                0x00000000080025f8                HAL_RCC_ClockConfig
 .text.HAL_RCC_GetSysClockFreq
                0x0000000008002850      0x118 ./Drivers/STM32L4xx_HAL_Driver/Src/stm32l4xx_hal_rcc.o
                0x0000000008002850                HAL_RCC_GetSysClockFreq
 .text.HAL_RCC_GetHCLKFreq
                0x0000000008002968       0x18 ./Drivers/STM32L4xx_HAL_Driver/Src/stm32l4xx_hal_rcc.o
                0x0000000008002968                HAL_RCC_GetHCLKFreq
 .text.HAL_RCC_GetPCLK2Freq
                0x0000000008002980       0x2c ./Drivers/STM32L4xx_HAL_Driver/Src/stm32l4xx_hal_rcc.o
                0x0000000008002980                HAL_RCC_GetPCLK2Freq
 .text.HAL_RCC_GetClockConfig
                0x00000000080029ac       0x64 ./Drivers/STM32L4xx_HAL_Driver/Src/stm32l4xx_hal_rcc.o
                0x00000000080029ac                HAL_RCC_GetClockConfig
 .text.RCC_SetFlashLatencyFromMSIRange
                0x0000000008002a10       0xb4 ./Drivers/STM32L4xx_HAL_Driver/Src/stm32l4xx_hal_rcc.o
 .text.RCC_GetSysClockFreqFromPLLSource
                0x0000000008002ac4       0xd0 ./Drivers/STM32L4xx_HAL_Driver/Src/stm32l4xx_hal_rcc.o
 .text.HAL_RCCEx_PeriphCLKConfig
                0x0000000008002b94      0x660 ./Drivers/STM32L4xx_HAL_Driver/Src/stm32l4xx_hal_rcc_ex.o
                0x0000000008002b94                HAL_RCCEx_PeriphCLKConfig
 .text.RCCEx_PLLSAI1_Config
                0x00000000080031f4      0x1e8 ./Drivers/STM32L4xx_HAL_Driver/Src/stm32l4xx_hal_rcc_ex.o
 .text.RCCEx_PLLSAI2_Config
                0x00000000080033dc      0x1e8 ./Drivers/STM32L4xx_HAL_Driver/Src/stm32l4xx_hal_rcc_ex.o
 .text.HAL_TIM_Base_Init
                0x00000000080035c4       0xae ./Drivers/STM32L4xx_HAL_Driver/Src/stm32l4xx_hal_tim.o
                0x00000000080035c4                HAL_TIM_Base_Init
 .text.HAL_TIM_Base_MspInit
                0x0000000008003672       0x14 ./Drivers/STM32L4xx_HAL_Driver/Src/stm32l4xx_hal_tim.o
                0x0000000008003672                HAL_TIM_Base_MspInit
 *fill*         0x0000000008003686        0x2 
 .text.HAL_TIM_Base_Start_IT
                0x0000000008003688       0xe0 ./Drivers/STM32L4xx_HAL_Driver/Src/stm32l4xx_hal_tim.o
                0x0000000008003688                HAL_TIM_Base_Start_IT
 .text.HAL_TIM_IRQHandler
                0x0000000008003768      0x23e ./Drivers/STM32L4xx_HAL_Driver/Src/stm32l4xx_hal_tim.o
                0x0000000008003768                HAL_TIM_IRQHandler
 .text.HAL_TIM_OC_DelayElapsedCallback
                0x00000000080039a6       0x14 ./Drivers/STM32L4xx_HAL_Driver/Src/stm32l4xx_hal_tim.o
                0x00000000080039a6                HAL_TIM_OC_DelayElapsedCallback
 .text.HAL_TIM_IC_CaptureCallback
                0x00000000080039ba       0x14 ./Drivers/STM32L4xx_HAL_Driver/Src/stm32l4xx_hal_tim.o
                0x00000000080039ba                HAL_TIM_IC_CaptureCallback
 .text.HAL_TIM_PWM_PulseFinishedCallback
                0x00000000080039ce       0x14 ./Drivers/STM32L4xx_HAL_Driver/Src/stm32l4xx_hal_tim.o
                0x00000000080039ce                HAL_TIM_PWM_PulseFinishedCallback
 .text.HAL_TIM_TriggerCallback
                0x00000000080039e2       0x14 ./Drivers/STM32L4xx_HAL_Driver/Src/stm32l4xx_hal_tim.o
                0x00000000080039e2                HAL_TIM_TriggerCallback
 *fill*         0x00000000080039f6        0x2 
 .text.TIM_Base_SetConfig
                0x00000000080039f8      0x134 ./Drivers/STM32L4xx_HAL_Driver/Src/stm32l4xx_hal_tim.o
                0x00000000080039f8                TIM_Base_SetConfig
 .text.HAL_TIMEx_CommutCallback
                0x0000000008003b2c       0x14 ./Drivers/STM32L4xx_HAL_Driver/Src/stm32l4xx_hal_tim_ex.o
                0x0000000008003b2c                HAL_TIMEx_CommutCallback
 .text.HAL_TIMEx_BreakCallback
                0x0000000008003b40       0x14 ./Drivers/STM32L4xx_HAL_Driver/Src/stm32l4xx_hal_tim_ex.o
                0x0000000008003b40                HAL_TIMEx_BreakCallback
 .text.HAL_TIMEx_Break2Callback
                0x0000000008003b54       0x14 ./Drivers/STM32L4xx_HAL_Driver/Src/stm32l4xx_hal_tim_ex.o
                0x0000000008003b54                HAL_TIMEx_Break2Callback
 .text.USB_CoreInit
                0x0000000008003b68       0x58 ./Drivers/STM32L4xx_HAL_Driver/Src/stm32l4xx_ll_usb.o
                0x0000000008003b68                USB_CoreInit
 .text.USB_SetTurnaroundTime
                0x0000000008003bc0      0x138 ./Drivers/STM32L4xx_HAL_Driver/Src/stm32l4xx_ll_usb.o
                0x0000000008003bc0                USB_SetTurnaroundTime
 .text.USB_EnableGlobalInt
                0x0000000008003cf8       0x22 ./Drivers/STM32L4xx_HAL_Driver/Src/stm32l4xx_ll_usb.o
                0x0000000008003cf8                USB_EnableGlobalInt
 .text.USB_DisableGlobalInt
                0x0000000008003d1a       0x22 ./Drivers/STM32L4xx_HAL_Driver/Src/stm32l4xx_ll_usb.o
                0x0000000008003d1a                USB_DisableGlobalInt
 .text.USB_SetCurrentMode
                0x0000000008003d3c       0x98 ./Drivers/STM32L4xx_HAL_Driver/Src/stm32l4xx_ll_usb.o
                0x0000000008003d3c                USB_SetCurrentMode
 .text.USB_DevInit
                0x0000000008003dd4      0x298 ./Drivers/STM32L4xx_HAL_Driver/Src/stm32l4xx_ll_usb.o
                0x0000000008003dd4                USB_DevInit
 .text.USB_FlushTxFifo
                0x000000000800406c       0x64 ./Drivers/STM32L4xx_HAL_Driver/Src/stm32l4xx_ll_usb.o
                0x000000000800406c                USB_FlushTxFifo
 .text.USB_FlushRxFifo
                0x00000000080040d0       0x5c ./Drivers/STM32L4xx_HAL_Driver/Src/stm32l4xx_ll_usb.o
                0x00000000080040d0                USB_FlushRxFifo
 .text.USB_SetDevSpeed
                0x000000000800412c       0x32 ./Drivers/STM32L4xx_HAL_Driver/Src/stm32l4xx_ll_usb.o
                0x000000000800412c                USB_SetDevSpeed
 .text.USB_GetDevSpeed
                0x000000000800415e       0x3e ./Drivers/STM32L4xx_HAL_Driver/Src/stm32l4xx_ll_usb.o
                0x000000000800415e                USB_GetDevSpeed
 .text.USB_ActivateEndpoint
                0x000000000800419c      0x10e ./Drivers/STM32L4xx_HAL_Driver/Src/stm32l4xx_ll_usb.o
                0x000000000800419c                USB_ActivateEndpoint
 *fill*         0x00000000080042aa        0x2 
 .text.USB_DeactivateEndpoint
                0x00000000080042ac      0x1b8 ./Drivers/STM32L4xx_HAL_Driver/Src/stm32l4xx_ll_usb.o
                0x00000000080042ac                USB_DeactivateEndpoint
 .text.USB_EPStartXfer
                0x0000000008004464      0x3b8 ./Drivers/STM32L4xx_HAL_Driver/Src/stm32l4xx_ll_usb.o
                0x0000000008004464                USB_EPStartXfer
 .text.USB_EP0StartXfer
                0x000000000800481c      0x23c ./Drivers/STM32L4xx_HAL_Driver/Src/stm32l4xx_ll_usb.o
                0x000000000800481c                USB_EP0StartXfer
 .text.USB_WritePacket
                0x0000000008004a58       0x74 ./Drivers/STM32L4xx_HAL_Driver/Src/stm32l4xx_ll_usb.o
                0x0000000008004a58                USB_WritePacket
 .text.USB_ReadPacket
                0x0000000008004acc       0xb0 ./Drivers/STM32L4xx_HAL_Driver/Src/stm32l4xx_ll_usb.o
                0x0000000008004acc                USB_ReadPacket
 .text.USB_EPSetStall
                0x0000000008004b7c       0xdc ./Drivers/STM32L4xx_HAL_Driver/Src/stm32l4xx_ll_usb.o
                0x0000000008004b7c                USB_EPSetStall
 .text.USB_EPClearStall
                0x0000000008004c58       0xcc ./Drivers/STM32L4xx_HAL_Driver/Src/stm32l4xx_ll_usb.o
                0x0000000008004c58                USB_EPClearStall
 .text.USB_SetDevAddress
                0x0000000008004d24       0x4c ./Drivers/STM32L4xx_HAL_Driver/Src/stm32l4xx_ll_usb.o
                0x0000000008004d24                USB_SetDevAddress
 .text.USB_DevConnect
                0x0000000008004d70       0x42 ./Drivers/STM32L4xx_HAL_Driver/Src/stm32l4xx_ll_usb.o
                0x0000000008004d70                USB_DevConnect
 .text.USB_DevDisconnect
                0x0000000008004db2       0x42 ./Drivers/STM32L4xx_HAL_Driver/Src/stm32l4xx_ll_usb.o
                0x0000000008004db2                USB_DevDisconnect
 .text.USB_ReadInterrupts
                0x0000000008004df4       0x26 ./Drivers/STM32L4xx_HAL_Driver/Src/stm32l4xx_ll_usb.o
                0x0000000008004df4                USB_ReadInterrupts
 .text.USB_ReadDevAllOutEpInterrupt
                0x0000000008004e1a       0x34 ./Drivers/STM32L4xx_HAL_Driver/Src/stm32l4xx_ll_usb.o
                0x0000000008004e1a                USB_ReadDevAllOutEpInterrupt
 .text.USB_ReadDevAllInEpInterrupt
                0x0000000008004e4e       0x34 ./Drivers/STM32L4xx_HAL_Driver/Src/stm32l4xx_ll_usb.o
                0x0000000008004e4e                USB_ReadDevAllInEpInterrupt
 .text.USB_ReadDevOutEPInterrupt
                0x0000000008004e82       0x3c ./Drivers/STM32L4xx_HAL_Driver/Src/stm32l4xx_ll_usb.o
                0x0000000008004e82                USB_ReadDevOutEPInterrupt
 .text.USB_ReadDevInEPInterrupt
                0x0000000008004ebe       0x5c ./Drivers/STM32L4xx_HAL_Driver/Src/stm32l4xx_ll_usb.o
                0x0000000008004ebe                USB_ReadDevInEPInterrupt
 .text.USB_GetMode
                0x0000000008004f1a       0x1c ./Drivers/STM32L4xx_HAL_Driver/Src/stm32l4xx_ll_usb.o
                0x0000000008004f1a                USB_GetMode
 .text.USB_ActivateSetup
                0x0000000008004f36       0x46 ./Drivers/STM32L4xx_HAL_Driver/Src/stm32l4xx_ll_usb.o
                0x0000000008004f36                USB_ActivateSetup
 .text.USB_EP0_OutStart
                0x0000000008004f7c       0x90 ./Drivers/STM32L4xx_HAL_Driver/Src/stm32l4xx_ll_usb.o
                0x0000000008004f7c                USB_EP0_OutStart
 .text.USB_CoreReset
                0x000000000800500c       0x64 ./Drivers/STM32L4xx_HAL_Driver/Src/stm32l4xx_ll_usb.o
 .text.USBD_CDC_Init
                0x0000000008005070       0xfe ./Middlewares/ST/STM32_USB_Device_Library/Class/CDC/Src/usbd_cdc.o
 .text.USBD_CDC_DeInit
                0x000000000800516e       0x74 ./Middlewares/ST/STM32_USB_Device_Library/Class/CDC/Src/usbd_cdc.o
 *fill*         0x00000000080051e2        0x2 
 .text.USBD_CDC_Setup
                0x00000000080051e4      0x190 ./Middlewares/ST/STM32_USB_Device_Library/Class/CDC/Src/usbd_cdc.o
 .text.USBD_CDC_DataIn
                0x0000000008005374       0xca ./Middlewares/ST/STM32_USB_Device_Library/Class/CDC/Src/usbd_cdc.o
 .text.USBD_CDC_DataOut
                0x000000000800543e       0x56 ./Middlewares/ST/STM32_USB_Device_Library/Class/CDC/Src/usbd_cdc.o
 .text.USBD_CDC_EP0_RxReady
                0x0000000008005494       0x5a ./Middlewares/ST/STM32_USB_Device_Library/Class/CDC/Src/usbd_cdc.o
 *fill*         0x00000000080054ee        0x2 
 .text.USBD_CDC_GetFSCfgDesc
                0x00000000080054f0       0x20 ./Middlewares/ST/STM32_USB_Device_Library/Class/CDC/Src/usbd_cdc.o
 .text.USBD_CDC_GetHSCfgDesc
                0x0000000008005510       0x20 ./Middlewares/ST/STM32_USB_Device_Library/Class/CDC/Src/usbd_cdc.o
 .text.USBD_CDC_GetOtherSpeedCfgDesc
                0x0000000008005530       0x20 ./Middlewares/ST/STM32_USB_Device_Library/Class/CDC/Src/usbd_cdc.o
 .text.USBD_CDC_GetDeviceQualifierDescriptor
                0x0000000008005550       0x20 ./Middlewares/ST/STM32_USB_Device_Library/Class/CDC/Src/usbd_cdc.o
                0x0000000008005550                USBD_CDC_GetDeviceQualifierDescriptor
 .text.USBD_CDC_RegisterInterface
                0x0000000008005570       0x2a ./Middlewares/ST/STM32_USB_Device_Library/Class/CDC/Src/usbd_cdc.o
                0x0000000008005570                USBD_CDC_RegisterInterface
 .text.USBD_CDC_SetTxBuffer
                0x000000000800559a       0x3c ./Middlewares/ST/STM32_USB_Device_Library/Class/CDC/Src/usbd_cdc.o
                0x000000000800559a                USBD_CDC_SetTxBuffer
 .text.USBD_CDC_SetRxBuffer
                0x00000000080055d6       0x32 ./Middlewares/ST/STM32_USB_Device_Library/Class/CDC/Src/usbd_cdc.o
                0x00000000080055d6                USBD_CDC_SetRxBuffer
 .text.USBD_CDC_TransmitPacket
                0x0000000008005608       0x60 ./Middlewares/ST/STM32_USB_Device_Library/Class/CDC/Src/usbd_cdc.o
                0x0000000008005608                USBD_CDC_TransmitPacket
 .text.USBD_CDC_ReceivePacket
                0x0000000008005668       0x54 ./Middlewares/ST/STM32_USB_Device_Library/Class/CDC/Src/usbd_cdc.o
                0x0000000008005668                USBD_CDC_ReceivePacket
 .text.USBD_Init
                0x00000000080056bc       0x60 ./Middlewares/ST/STM32_USB_Device_Library/Core/Src/usbd_core.o
                0x00000000080056bc                USBD_Init
 .text.USBD_RegisterClass
                0x000000000800571c       0x4e ./Middlewares/ST/STM32_USB_Device_Library/Core/Src/usbd_core.o
                0x000000000800571c                USBD_RegisterClass
 .text.USBD_Start
                0x000000000800576a       0x18 ./Middlewares/ST/STM32_USB_Device_Library/Core/Src/usbd_core.o
                0x000000000800576a                USBD_Start
 .text.USBD_RunTestMode
                0x0000000008005782       0x16 ./Middlewares/ST/STM32_USB_Device_Library/Core/Src/usbd_core.o
                0x0000000008005782                USBD_RunTestMode
 .text.USBD_SetClassConfig
                0x0000000008005798       0x38 ./Middlewares/ST/STM32_USB_Device_Library/Core/Src/usbd_core.o
                0x0000000008005798                USBD_SetClassConfig
 .text.USBD_ClrClassConfig
                0x00000000080057d0       0x30 ./Middlewares/ST/STM32_USB_Device_Library/Core/Src/usbd_core.o
                0x00000000080057d0                USBD_ClrClassConfig
 .text.USBD_LL_SetupStage
                0x0000000008005800       0xaa ./Middlewares/ST/STM32_USB_Device_Library/Core/Src/usbd_core.o
                0x0000000008005800                USBD_LL_SetupStage
 .text.USBD_LL_DataOutStage
                0x00000000080058aa       0xc6 ./Middlewares/ST/STM32_USB_Device_Library/Core/Src/usbd_core.o
                0x00000000080058aa                USBD_LL_DataOutStage
 .text.USBD_LL_DataInStage
                0x0000000008005970      0x12c ./Middlewares/ST/STM32_USB_Device_Library/Core/Src/usbd_core.o
                0x0000000008005970                USBD_LL_DataInStage
 .text.USBD_LL_Reset
                0x0000000008005a9c       0x9c ./Middlewares/ST/STM32_USB_Device_Library/Core/Src/usbd_core.o
                0x0000000008005a9c                USBD_LL_Reset
 .text.USBD_LL_SetSpeed
                0x0000000008005b38       0x20 ./Middlewares/ST/STM32_USB_Device_Library/Core/Src/usbd_core.o
                0x0000000008005b38                USBD_LL_SetSpeed
 .text.USBD_LL_Suspend
                0x0000000008005b58       0x2c ./Middlewares/ST/STM32_USB_Device_Library/Core/Src/usbd_core.o
                0x0000000008005b58                USBD_LL_Suspend
 .text.USBD_LL_Resume
                0x0000000008005b84       0x30 ./Middlewares/ST/STM32_USB_Device_Library/Core/Src/usbd_core.o
                0x0000000008005b84                USBD_LL_Resume
 .text.USBD_LL_SOF
                0x0000000008005bb4       0x44 ./Middlewares/ST/STM32_USB_Device_Library/Core/Src/usbd_core.o
                0x0000000008005bb4                USBD_LL_SOF
 .text.USBD_LL_IsoINIncomplete
                0x0000000008005bf8       0x4c ./Middlewares/ST/STM32_USB_Device_Library/Core/Src/usbd_core.o
                0x0000000008005bf8                USBD_LL_IsoINIncomplete
 .text.USBD_LL_IsoOUTIncomplete
                0x0000000008005c44       0x4c ./Middlewares/ST/STM32_USB_Device_Library/Core/Src/usbd_core.o
                0x0000000008005c44                USBD_LL_IsoOUTIncomplete
 .text.USBD_LL_DevConnected
                0x0000000008005c90       0x16 ./Middlewares/ST/STM32_USB_Device_Library/Core/Src/usbd_core.o
                0x0000000008005c90                USBD_LL_DevConnected
 .text.USBD_LL_DevDisconnected
                0x0000000008005ca6       0x38 ./Middlewares/ST/STM32_USB_Device_Library/Core/Src/usbd_core.o
                0x0000000008005ca6                USBD_LL_DevDisconnected
 .text.SWAPBYTE
                0x0000000008005cde       0x3c ./Middlewares/ST/STM32_USB_Device_Library/Core/Src/usbd_ctlreq.o
 *fill*         0x0000000008005d1a        0x2 
 .text.USBD_StdDevReq
                0x0000000008005d1c       0xdc ./Middlewares/ST/STM32_USB_Device_Library/Core/Src/usbd_ctlreq.o
                0x0000000008005d1c                USBD_StdDevReq
 .text.USBD_StdItfReq
                0x0000000008005df8       0x92 ./Middlewares/ST/STM32_USB_Device_Library/Core/Src/usbd_ctlreq.o
                0x0000000008005df8                USBD_StdItfReq
 .text.USBD_StdEPReq
                0x0000000008005e8a      0x2c4 ./Middlewares/ST/STM32_USB_Device_Library/Core/Src/usbd_ctlreq.o
                0x0000000008005e8a                USBD_StdEPReq
 *fill*         0x000000000800614e        0x2 
 .text.USBD_GetDescriptor
                0x0000000008006150      0x328 ./Middlewares/ST/STM32_USB_Device_Library/Core/Src/usbd_ctlreq.o
 .text.USBD_SetAddress
                0x0000000008006478       0x88 ./Middlewares/ST/STM32_USB_Device_Library/Core/Src/usbd_ctlreq.o
 .text.USBD_SetConfig
                0x0000000008006500      0x14c ./Middlewares/ST/STM32_USB_Device_Library/Core/Src/usbd_ctlreq.o
 .text.USBD_GetConfig
                0x000000000800664c       0x6c ./Middlewares/ST/STM32_USB_Device_Library/Core/Src/usbd_ctlreq.o
 .text.USBD_GetStatus
                0x00000000080066b8       0x68 ./Middlewares/ST/STM32_USB_Device_Library/Core/Src/usbd_ctlreq.o
 .text.USBD_SetFeature
                0x0000000008006720       0x28 ./Middlewares/ST/STM32_USB_Device_Library/Core/Src/usbd_ctlreq.o
 .text.USBD_ClrFeature
                0x0000000008006748       0x44 ./Middlewares/ST/STM32_USB_Device_Library/Core/Src/usbd_ctlreq.o
 .text.USBD_ParseSetupRequest
                0x000000000800678c       0x74 ./Middlewares/ST/STM32_USB_Device_Library/Core/Src/usbd_ctlreq.o
                0x000000000800678c                USBD_ParseSetupRequest
 .text.USBD_CtlError
                0x0000000008006800       0x22 ./Middlewares/ST/STM32_USB_Device_Library/Core/Src/usbd_ctlreq.o
                0x0000000008006800                USBD_CtlError
 .text.USBD_GetString
                0x0000000008006822       0x8c ./Middlewares/ST/STM32_USB_Device_Library/Core/Src/usbd_ctlreq.o
                0x0000000008006822                USBD_GetString
 .text.USBD_GetLen
                0x00000000080068ae       0x34 ./Middlewares/ST/STM32_USB_Device_Library/Core/Src/usbd_ctlreq.o
 .text.USBD_CtlSendData
                0x00000000080068e2       0x36 ./Middlewares/ST/STM32_USB_Device_Library/Core/Src/usbd_ioreq.o
                0x00000000080068e2                USBD_CtlSendData
 .text.USBD_CtlContinueSendData
                0x0000000008006918       0x22 ./Middlewares/ST/STM32_USB_Device_Library/Core/Src/usbd_ioreq.o
                0x0000000008006918                USBD_CtlContinueSendData
 .text.USBD_CtlPrepareRx
                0x000000000800693a       0x3a ./Middlewares/ST/STM32_USB_Device_Library/Core/Src/usbd_ioreq.o
                0x000000000800693a                USBD_CtlPrepareRx
 .text.USBD_CtlContinueRx
                0x0000000008006974       0x22 ./Middlewares/ST/STM32_USB_Device_Library/Core/Src/usbd_ioreq.o
                0x0000000008006974                USBD_CtlContinueRx
 .text.USBD_CtlSendStatus
                0x0000000008006996       0x26 ./Middlewares/ST/STM32_USB_Device_Library/Core/Src/usbd_ioreq.o
                0x0000000008006996                USBD_CtlSendStatus
 .text.USBD_CtlReceiveStatus
                0x00000000080069bc       0x26 ./Middlewares/ST/STM32_USB_Device_Library/Core/Src/usbd_ioreq.o
                0x00000000080069bc                USBD_CtlReceiveStatus
 *fill*         0x00000000080069e2        0x2 
 .text.MX_USB_DEVICE_Init
                0x00000000080069e4       0x60 ./USB_DEVICE/App/usb_device.o
                0x00000000080069e4                MX_USB_DEVICE_Init
 .text.CDC_Init_FS
                0x0000000008006a44       0x28 ./USB_DEVICE/App/usbd_cdc_if.o
 .text.CDC_DeInit_FS
                0x0000000008006a6c       0x10 ./USB_DEVICE/App/usbd_cdc_if.o
 .text.CDC_Control_FS
                0x0000000008006a7c       0xbc ./USB_DEVICE/App/usbd_cdc_if.o
 .text.CDC_Receive_FS
                0x0000000008006b38       0x28 ./USB_DEVICE/App/usbd_cdc_if.o
 .text.CDC_Transmit_FS
                0x0000000008006b60       0x4c ./USB_DEVICE/App/usbd_cdc_if.o
                0x0000000008006b60                CDC_Transmit_FS
 .text.CDC_TransmitCplt_FS
                0x0000000008006bac       0x22 ./USB_DEVICE/App/usbd_cdc_if.o
 *fill*         0x0000000008006bce        0x2 
 .text.USBD_FS_DeviceDescriptor
                0x0000000008006bd0       0x24 ./USB_DEVICE/App/usbd_desc.o
                0x0000000008006bd0                USBD_FS_DeviceDescriptor
 .text.USBD_FS_LangIDStrDescriptor
                0x0000000008006bf4       0x24 ./USB_DEVICE/App/usbd_desc.o
                0x0000000008006bf4                USBD_FS_LangIDStrDescriptor
 .text.USBD_FS_ProductStrDescriptor
                0x0000000008006c18       0x3c ./USB_DEVICE/App/usbd_desc.o
                0x0000000008006c18                USBD_FS_ProductStrDescriptor
 .text.USBD_FS_ManufacturerStrDescriptor
                0x0000000008006c54       0x28 ./USB_DEVICE/App/usbd_desc.o
                0x0000000008006c54                USBD_FS_ManufacturerStrDescriptor
 .text.USBD_FS_SerialStrDescriptor
                0x0000000008006c7c       0x24 ./USB_DEVICE/App/usbd_desc.o
                0x0000000008006c7c                USBD_FS_SerialStrDescriptor
 .text.USBD_FS_ConfigStrDescriptor
                0x0000000008006ca0       0x3c ./USB_DEVICE/App/usbd_desc.o
                0x0000000008006ca0                USBD_FS_ConfigStrDescriptor
 .text.USBD_FS_InterfaceStrDescriptor
                0x0000000008006cdc       0x3c ./USB_DEVICE/App/usbd_desc.o
                0x0000000008006cdc                USBD_FS_InterfaceStrDescriptor
 .text.USBD_FS_USR_BOSDescriptor
                0x0000000008006d18       0x24 ./USB_DEVICE/App/usbd_desc.o
                0x0000000008006d18                USBD_FS_USR_BOSDescriptor
 .text.Get_SerialNum
                0x0000000008006d3c       0x58 ./USB_DEVICE/App/usbd_desc.o
 .text.IntToUnicode
                0x0000000008006d94       0x7e ./USB_DEVICE/App/usbd_desc.o
 *fill*         0x0000000008006e12        0x2 
 .text.HAL_PCD_MspInit
                0x0000000008006e14      0x124 ./USB_DEVICE/Target/usbd_conf.o
                0x0000000008006e14                HAL_PCD_MspInit
 .text.HAL_PCD_SetupStageCallback
                0x0000000008006f38       0x24 ./USB_DEVICE/Target/usbd_conf.o
                0x0000000008006f38                HAL_PCD_SetupStageCallback
 .text.HAL_PCD_DataOutStageCallback
                0x0000000008006f5c       0x36 ./USB_DEVICE/Target/usbd_conf.o
                0x0000000008006f5c                HAL_PCD_DataOutStageCallback
 .text.HAL_PCD_DataInStageCallback
                0x0000000008006f92       0x34 ./USB_DEVICE/Target/usbd_conf.o
                0x0000000008006f92                HAL_PCD_DataInStageCallback
 .text.HAL_PCD_SOFCallback
                0x0000000008006fc6       0x1c ./USB_DEVICE/Target/usbd_conf.o
                0x0000000008006fc6                HAL_PCD_SOFCallback
 .text.HAL_PCD_ResetCallback
                0x0000000008006fe2       0x3c ./USB_DEVICE/Target/usbd_conf.o
                0x0000000008006fe2                HAL_PCD_ResetCallback
 *fill*         0x000000000800701e        0x2 
 .text.HAL_PCD_SuspendCallback
                0x0000000008007020       0x4c ./USB_DEVICE/Target/usbd_conf.o
                0x0000000008007020                HAL_PCD_SuspendCallback
 .text.HAL_PCD_ResumeCallback
                0x000000000800706c       0x50 ./USB_DEVICE/Target/usbd_conf.o
                0x000000000800706c                HAL_PCD_ResumeCallback
 .text.HAL_PCD_ISOOUTIncompleteCallback
                0x00000000080070bc       0x24 ./USB_DEVICE/Target/usbd_conf.o
                0x00000000080070bc                HAL_PCD_ISOOUTIncompleteCallback
 .text.HAL_PCD_ISOINIncompleteCallback
                0x00000000080070e0       0x24 ./USB_DEVICE/Target/usbd_conf.o
                0x00000000080070e0                HAL_PCD_ISOINIncompleteCallback
 .text.HAL_PCD_ConnectCallback
                0x0000000008007104       0x1c ./USB_DEVICE/Target/usbd_conf.o
                0x0000000008007104                HAL_PCD_ConnectCallback
 .text.HAL_PCD_DisconnectCallback
                0x0000000008007120       0x1c ./USB_DEVICE/Target/usbd_conf.o
                0x0000000008007120                HAL_PCD_DisconnectCallback
 .text.USBD_LL_Init
                0x000000000800713c       0x94 ./USB_DEVICE/Target/usbd_conf.o
                0x000000000800713c                USBD_LL_Init
 .text.USBD_LL_Start
                0x00000000080071d0       0x64 ./USB_DEVICE/Target/usbd_conf.o
                0x00000000080071d0                USBD_LL_Start
 .text.USBD_LL_OpenEP
                0x0000000008007234       0x7c ./USB_DEVICE/Target/usbd_conf.o
                0x0000000008007234                USBD_LL_OpenEP
 .text.USBD_LL_CloseEP
                0x00000000080072b0       0x6c ./USB_DEVICE/Target/usbd_conf.o
                0x00000000080072b0                USBD_LL_CloseEP
 .text.USBD_LL_StallEP
                0x000000000800731c       0x6c ./USB_DEVICE/Target/usbd_conf.o
                0x000000000800731c                USBD_LL_StallEP
 .text.USBD_LL_ClearStallEP
                0x0000000008007388       0x6c ./USB_DEVICE/Target/usbd_conf.o
                0x0000000008007388                USBD_LL_ClearStallEP
 .text.USBD_LL_IsStallEP
                0x00000000080073f4       0x58 ./USB_DEVICE/Target/usbd_conf.o
                0x00000000080073f4                USBD_LL_IsStallEP
 .text.USBD_LL_SetUSBAddress
                0x000000000800744c       0x6c ./USB_DEVICE/Target/usbd_conf.o
                0x000000000800744c                USBD_LL_SetUSBAddress
 .text.USBD_LL_Transmit
                0x00000000080074b8       0x70 ./USB_DEVICE/Target/usbd_conf.o
                0x00000000080074b8                USBD_LL_Transmit
 .text.USBD_LL_PrepareReceive
                0x0000000008007528       0x70 ./USB_DEVICE/Target/usbd_conf.o
                0x0000000008007528                USBD_LL_PrepareReceive
 .text.USBD_LL_GetRxDataSize
                0x0000000008007598       0x26 ./USB_DEVICE/Target/usbd_conf.o
                0x0000000008007598                USBD_LL_GetRxDataSize
 *fill*         0x00000000080075be        0x2 
 .text.HAL_PCDEx_LPM_Callback
                0x00000000080075c0       0x9c ./USB_DEVICE/Target/usbd_conf.o
                0x00000000080075c0                HAL_PCDEx_LPM_Callback
 .text.USBD_static_malloc
                0x000000000800765c       0x1c ./USB_DEVICE/Target/usbd_conf.o
                0x000000000800765c                USBD_static_malloc
 .text.USBD_static_free
                0x0000000008007678       0x14 ./USB_DEVICE/Target/usbd_conf.o
                0x0000000008007678                USBD_static_free
 .text.SystemClockConfig_Resume
                0x000000000800768c        0xc ./USB_DEVICE/Target/usbd_conf.o
 .text.__libc_init_array
                0x0000000008007698       0x48 c:/st/stm32cubeide_1.8.0/stm32cubeide/plugins/com.st.stm32cube.ide.mcu.externaltools.gnu-tools-for-stm32.9-2020-q2-update.win32_2.0.0.202105311346/tools/bin/../lib/gcc/arm-none-eabi/9.3.1/../../../../arm-none-eabi/lib/thumb/v7e-m+fp/hard\libc_nano.a(lib_a-init.o)
                0x0000000008007698                __libc_init_array
 .text.memset   0x00000000080076e0       0x10 c:/st/stm32cubeide_1.8.0/stm32cubeide/plugins/com.st.stm32cube.ide.mcu.externaltools.gnu-tools-for-stm32.9-2020-q2-update.win32_2.0.0.202105311346/tools/bin/../lib/gcc/arm-none-eabi/9.3.1/../../../../arm-none-eabi/lib/thumb/v7e-m+fp/hard\libc_nano.a(lib_a-memset.o)
                0x00000000080076e0                memset
 *(.glue_7)
 .glue_7        0x00000000080076f0        0x0 linker stubs
 *(.glue_7t)
 .glue_7t       0x00000000080076f0        0x0 linker stubs
 *(.eh_frame)
 .eh_frame      0x00000000080076f0        0x0 c:/st/stm32cubeide_1.8.0/stm32cubeide/plugins/com.st.stm32cube.ide.mcu.externaltools.gnu-tools-for-stm32.9-2020-q2-update.win32_2.0.0.202105311346/tools/bin/../lib/gcc/arm-none-eabi/9.3.1/thumb/v7e-m+fp/hard/crtbegin.o
 *(.init)
 .init          0x00000000080076f0        0x4 c:/st/stm32cubeide_1.8.0/stm32cubeide/plugins/com.st.stm32cube.ide.mcu.externaltools.gnu-tools-for-stm32.9-2020-q2-update.win32_2.0.0.202105311346/tools/bin/../lib/gcc/arm-none-eabi/9.3.1/thumb/v7e-m+fp/hard/crti.o
                0x00000000080076f0                _init
 .init          0x00000000080076f4        0x8 c:/st/stm32cubeide_1.8.0/stm32cubeide/plugins/com.st.stm32cube.ide.mcu.externaltools.gnu-tools-for-stm32.9-2020-q2-update.win32_2.0.0.202105311346/tools/bin/../lib/gcc/arm-none-eabi/9.3.1/thumb/v7e-m+fp/hard/crtn.o
 *(.fini)
 .fini          0x00000000080076fc        0x4 c:/st/stm32cubeide_1.8.0/stm32cubeide/plugins/com.st.stm32cube.ide.mcu.externaltools.gnu-tools-for-stm32.9-2020-q2-update.win32_2.0.0.202105311346/tools/bin/../lib/gcc/arm-none-eabi/9.3.1/thumb/v7e-m+fp/hard/crti.o
                0x00000000080076fc                _fini
 .fini          0x0000000008007700        0x8 c:/st/stm32cubeide_1.8.0/stm32cubeide/plugins/com.st.stm32cube.ide.mcu.externaltools.gnu-tools-for-stm32.9-2020-q2-update.win32_2.0.0.202105311346/tools/bin/../lib/gcc/arm-none-eabi/9.3.1/thumb/v7e-m+fp/hard/crtn.o
                0x0000000008007708                . = ALIGN (0x4)
                0x0000000008007708                _etext = .

.vfp11_veneer   0x0000000008007708        0x0
 .vfp11_veneer  0x0000000008007708        0x0 linker stubs

.v4_bx          0x0000000008007708        0x0
 .v4_bx         0x0000000008007708        0x0 linker stubs

.iplt           0x0000000008007708        0x0
 .iplt          0x0000000008007708        0x0 c:/st/stm32cubeide_1.8.0/stm32cubeide/plugins/com.st.stm32cube.ide.mcu.externaltools.gnu-tools-for-stm32.9-2020-q2-update.win32_2.0.0.202105311346/tools/bin/../lib/gcc/arm-none-eabi/9.3.1/thumb/v7e-m+fp/hard/crtbegin.o

.rodata         0x0000000008007708       0xa0
                0x0000000008007708                . = ALIGN (0x4)
 *(.rodata)
 .rodata        0x0000000008007708        0xf ./Core/Src/main.o
 *fill*         0x0000000008007717        0x1 
 .rodata        0x0000000008007718       0x46 ./USB_DEVICE/App/usbd_desc.o
 *(.rodata*)
 *fill*         0x000000000800775e        0x2 
 .rodata.AHBPrescTable
                0x0000000008007760       0x10 ./Core/Src/system_stm32l4xx.o
                0x0000000008007760                AHBPrescTable
 .rodata.APBPrescTable
                0x0000000008007770        0x8 ./Core/Src/system_stm32l4xx.o
                0x0000000008007770                APBPrescTable
 .rodata.MSIRangeTable
                0x0000000008007778       0x30 ./Core/Src/system_stm32l4xx.o
                0x0000000008007778                MSIRangeTable
                0x00000000080077a8                . = ALIGN (0x4)

.rel.dyn        0x00000000080077a8        0x0
 .rel.iplt      0x00000000080077a8        0x0 c:/st/stm32cubeide_1.8.0/stm32cubeide/plugins/com.st.stm32cube.ide.mcu.externaltools.gnu-tools-for-stm32.9-2020-q2-update.win32_2.0.0.202105311346/tools/bin/../lib/gcc/arm-none-eabi/9.3.1/thumb/v7e-m+fp/hard/crtbegin.o

.ARM.extab      0x00000000080077a8        0x0
                0x00000000080077a8                . = ALIGN (0x4)
 *(.ARM.extab* .gnu.linkonce.armextab.*)
                0x00000000080077a8                . = ALIGN (0x4)

.ARM            0x00000000080077a8        0x0
                0x00000000080077a8                . = ALIGN (0x4)
                0x00000000080077a8                __exidx_start = .
 *(.ARM.exidx*)
                0x00000000080077a8                __exidx_end = .
                0x00000000080077a8                . = ALIGN (0x4)

.preinit_array  0x00000000080077a8        0x0
                0x00000000080077a8                . = ALIGN (0x4)
                0x00000000080077a8                PROVIDE (__preinit_array_start = .)
 *(.preinit_array*)
                0x00000000080077a8                PROVIDE (__preinit_array_end = .)
                0x00000000080077a8                . = ALIGN (0x4)

.init_array     0x00000000080077a8        0x4
                0x00000000080077a8                . = ALIGN (0x4)
                0x00000000080077a8                PROVIDE (__init_array_start = .)
 *(SORT_BY_NAME(.init_array.*))
 *(.init_array*)
 .init_array    0x00000000080077a8        0x4 c:/st/stm32cubeide_1.8.0/stm32cubeide/plugins/com.st.stm32cube.ide.mcu.externaltools.gnu-tools-for-stm32.9-2020-q2-update.win32_2.0.0.202105311346/tools/bin/../lib/gcc/arm-none-eabi/9.3.1/thumb/v7e-m+fp/hard/crtbegin.o
                0x00000000080077ac                PROVIDE (__init_array_end = .)
                0x00000000080077ac                . = ALIGN (0x4)

.fini_array     0x00000000080077ac        0x4
                0x00000000080077ac                . = ALIGN (0x4)
                [!provide]                        PROVIDE (__fini_array_start = .)
 *(SORT_BY_NAME(.fini_array.*))
 *(.fini_array*)
 .fini_array    0x00000000080077ac        0x4 c:/st/stm32cubeide_1.8.0/stm32cubeide/plugins/com.st.stm32cube.ide.mcu.externaltools.gnu-tools-for-stm32.9-2020-q2-update.win32_2.0.0.202105311346/tools/bin/../lib/gcc/arm-none-eabi/9.3.1/thumb/v7e-m+fp/hard/crtbegin.o
                [!provide]                        PROVIDE (__fini_array_end = .)
                0x00000000080077b0                . = ALIGN (0x4)
                0x00000000080077b0                _sidata = LOADADDR (.data)

.data           0x0000000020000000      0x190 load address 0x00000000080077b0
                0x0000000020000000                . = ALIGN (0x4)
                0x0000000020000000                _sdata = .
 *(.data)
 *(.data*)
 .data.SystemCoreClock
                0x0000000020000000        0x4 ./Core/Src/system_stm32l4xx.o
                0x0000000020000000                SystemCoreClock
 .data.uwTickPrio
                0x0000000020000004        0x4 ./Drivers/STM32L4xx_HAL_Driver/Src/stm32l4xx_hal.o
                0x0000000020000004                uwTickPrio
 .data.uwTickFreq
                0x0000000020000008        0x1 ./Drivers/STM32L4xx_HAL_Driver/Src/stm32l4xx_hal.o
                0x0000000020000008                uwTickFreq
 *fill*         0x0000000020000009        0x3 
 .data.USBD_CDC_DeviceQualifierDesc
                0x000000002000000c        0xa ./Middlewares/ST/STM32_USB_Device_Library/Class/CDC/Src/usbd_cdc.o
 *fill*         0x0000000020000016        0x2 
 .data.USBD_CDC
                0x0000000020000018       0x38 ./Middlewares/ST/STM32_USB_Device_Library/Class/CDC/Src/usbd_cdc.o
                0x0000000020000018                USBD_CDC
 .data.USBD_CDC_CfgHSDesc
                0x0000000020000050       0x43 ./Middlewares/ST/STM32_USB_Device_Library/Class/CDC/Src/usbd_cdc.o
 *fill*         0x0000000020000093        0x1 
 .data.USBD_CDC_CfgFSDesc
                0x0000000020000094       0x43 ./Middlewares/ST/STM32_USB_Device_Library/Class/CDC/Src/usbd_cdc.o
 *fill*         0x00000000200000d7        0x1 
 .data.USBD_CDC_OtherSpeedCfgDesc
                0x00000000200000d8       0x43 ./Middlewares/ST/STM32_USB_Device_Library/Class/CDC/Src/usbd_cdc.o
 *fill*         0x000000002000011b        0x1 
 .data.USBD_Interface_fops_FS
                0x000000002000011c       0x14 ./USB_DEVICE/App/usbd_cdc_if.o
                0x000000002000011c                USBD_Interface_fops_FS
 .data.FS_Desc  0x0000000020000130       0x20 ./USB_DEVICE/App/usbd_desc.o
                0x0000000020000130                FS_Desc
 .data.USBD_FS_DeviceDesc
                0x0000000020000150       0x12 ./USB_DEVICE/App/usbd_desc.o
                0x0000000020000150                USBD_FS_DeviceDesc
 *fill*         0x0000000020000162        0x2 
 .data.USBD_FS_BOSDesc
                0x0000000020000164        0xc ./USB_DEVICE/App/usbd_desc.o
                0x0000000020000164                USBD_FS_BOSDesc
 .data.USBD_LangIDDesc
                0x0000000020000170        0x4 ./USB_DEVICE/App/usbd_desc.o
                0x0000000020000170                USBD_LangIDDesc
 .data.USBD_StringSerial
                0x0000000020000174       0x1a ./USB_DEVICE/App/usbd_desc.o
                0x0000000020000174                USBD_StringSerial
 *(.RamFunc)
 *(.RamFunc*)
                0x0000000020000190                . = ALIGN (0x4)
 *fill*         0x000000002000018e        0x2 
                0x0000000020000190                _edata = .

.igot.plt       0x0000000020000190        0x0 load address 0x0000000008007940
 .igot.plt      0x0000000020000190        0x0 c:/st/stm32cubeide_1.8.0/stm32cubeide/plugins/com.st.stm32cube.ide.mcu.externaltools.gnu-tools-for-stm32.9-2020-q2-update.win32_2.0.0.202105311346/tools/bin/../lib/gcc/arm-none-eabi/9.3.1/thumb/v7e-m+fp/hard/crtbegin.o
                0x0000000020000190                . = ALIGN (0x4)

.bss            0x0000000020000190     0x1b68 load address 0x0000000008007940
                0x0000000020000190                _sbss = .
                0x0000000020000190                __bss_start__ = _sbss
 *(.bss)
 .bss           0x0000000020000190       0x1c c:/st/stm32cubeide_1.8.0/stm32cubeide/plugins/com.st.stm32cube.ide.mcu.externaltools.gnu-tools-for-stm32.9-2020-q2-update.win32_2.0.0.202105311346/tools/bin/../lib/gcc/arm-none-eabi/9.3.1/thumb/v7e-m+fp/hard/crtbegin.o
 *(.bss*)
 .bss.cfgidx.11269
                0x00000000200001ac        0x1 ./Middlewares/ST/STM32_USB_Device_Library/Core/Src/usbd_ctlreq.o
 *fill*         0x00000000200001ad        0x3 
 .bss.mem.11418
                0x00000000200001b0      0x220 ./USB_DEVICE/Target/usbd_conf.o
 *(COMMON)
 COMMON         0x00000000200003d0       0x4c ./Core/Src/stm32l4xx_hal_timebase_tim.o
                0x00000000200003d0                htim1
 COMMON         0x000000002000041c        0x4 ./Drivers/STM32L4xx_HAL_Driver/Src/stm32l4xx_hal.o
                0x000000002000041c                uwTick
 COMMON         0x0000000020000420      0x2d0 ./USB_DEVICE/App/usb_device.o
                0x0000000020000420                hUsbDeviceFS
 COMMON         0x00000000200006f0     0x1000 ./USB_DEVICE/App/usbd_cdc_if.o
                0x00000000200006f0                UserRxBufferFS
                0x0000000020000ef0                UserTxBufferFS
 COMMON         0x00000000200016f0      0x200 ./USB_DEVICE/App/usbd_desc.o
                0x00000000200016f0                USBD_StrDesc
 COMMON         0x00000000200018f0      0x408 ./USB_DEVICE/Target/usbd_conf.o
                0x00000000200018f0                hpcd_USB_OTG_FS
                0x0000000020001cf8                . = ALIGN (0x4)
                0x0000000020001cf8                _ebss = .
                0x0000000020001cf8                __bss_end__ = _ebss

._user_heap_stack
                0x0000000020001cf8      0x600 load address 0x0000000008007940
                0x0000000020001cf8                . = ALIGN (0x8)
                [!provide]                        PROVIDE (end = .)
                0x0000000020001cf8                PROVIDE (_end = .)
                0x0000000020001ef8                . = (. + _Min_Heap_Size)
 *fill*         0x0000000020001cf8      0x200 
                0x00000000200022f8                . = (. + _Min_Stack_Size)
 *fill*         0x0000000020001ef8      0x400 
                0x00000000200022f8                . = ALIGN (0x8)

/DISCARD/
 libc.a(*)
 libm.a(*)
 libgcc.a(*)

.ARM.attributes
                0x0000000000000000       0x30
 *(.ARM.attributes)
 .ARM.attributes
                0x0000000000000000       0x1e c:/st/stm32cubeide_1.8.0/stm32cubeide/plugins/com.st.stm32cube.ide.mcu.externaltools.gnu-tools-for-stm32.9-2020-q2-update.win32_2.0.0.202105311346/tools/bin/../lib/gcc/arm-none-eabi/9.3.1/thumb/v7e-m+fp/hard/crti.o
 .ARM.attributes
                0x000000000000001e       0x34 c:/st/stm32cubeide_1.8.0/stm32cubeide/plugins/com.st.stm32cube.ide.mcu.externaltools.gnu-tools-for-stm32.9-2020-q2-update.win32_2.0.0.202105311346/tools/bin/../lib/gcc/arm-none-eabi/9.3.1/thumb/v7e-m+fp/hard/crtbegin.o
 .ARM.attributes
                0x0000000000000052       0x34 ./Core/Src/gpio.o
 .ARM.attributes
                0x0000000000000086       0x34 ./Core/Src/main.o
 .ARM.attributes
                0x00000000000000ba       0x34 ./Core/Src/stm32l4xx_hal_msp.o
 .ARM.attributes
                0x00000000000000ee       0x34 ./Core/Src/stm32l4xx_hal_timebase_tim.o
 .ARM.attributes
                0x0000000000000122       0x34 ./Core/Src/stm32l4xx_it.o
 .ARM.attributes
                0x0000000000000156       0x34 ./Core/Src/system_stm32l4xx.o
 .ARM.attributes
                0x000000000000018a       0x21 ./Core/Startup/startup_stm32l4s5vitx.o
 .ARM.attributes
                0x00000000000001ab       0x34 ./Drivers/STM32L4xx_HAL_Driver/Src/stm32l4xx_hal.o
 .ARM.attributes
                0x00000000000001df       0x34 ./Drivers/STM32L4xx_HAL_Driver/Src/stm32l4xx_hal_cortex.o
 .ARM.attributes
                0x0000000000000213       0x34 ./Drivers/STM32L4xx_HAL_Driver/Src/stm32l4xx_hal_gpio.o
 .ARM.attributes
                0x0000000000000247       0x34 ./Drivers/STM32L4xx_HAL_Driver/Src/stm32l4xx_hal_pcd.o
 .ARM.attributes
                0x000000000000027b       0x34 ./Drivers/STM32L4xx_HAL_Driver/Src/stm32l4xx_hal_pcd_ex.o
 .ARM.attributes
                0x00000000000002af       0x34 ./Drivers/STM32L4xx_HAL_Driver/Src/stm32l4xx_hal_pwr_ex.o
 .ARM.attributes
                0x00000000000002e3       0x34 ./Drivers/STM32L4xx_HAL_Driver/Src/stm32l4xx_hal_rcc.o
 .ARM.attributes
                0x0000000000000317       0x34 ./Drivers/STM32L4xx_HAL_Driver/Src/stm32l4xx_hal_rcc_ex.o
 .ARM.attributes
                0x000000000000034b       0x34 ./Drivers/STM32L4xx_HAL_Driver/Src/stm32l4xx_hal_tim.o
 .ARM.attributes
                0x000000000000037f       0x34 ./Drivers/STM32L4xx_HAL_Driver/Src/stm32l4xx_hal_tim_ex.o
 .ARM.attributes
                0x00000000000003b3       0x34 ./Drivers/STM32L4xx_HAL_Driver/Src/stm32l4xx_ll_usb.o
 .ARM.attributes
                0x00000000000003e7       0x34 ./Middlewares/ST/STM32_USB_Device_Library/Class/CDC/Src/usbd_cdc.o
 .ARM.attributes
                0x000000000000041b       0x34 ./Middlewares/ST/STM32_USB_Device_Library/Core/Src/usbd_core.o
 .ARM.attributes
                0x000000000000044f       0x34 ./Middlewares/ST/STM32_USB_Device_Library/Core/Src/usbd_ctlreq.o
 .ARM.attributes
                0x0000000000000483       0x34 ./Middlewares/ST/STM32_USB_Device_Library/Core/Src/usbd_ioreq.o
 .ARM.attributes
                0x00000000000004b7       0x34 ./USB_DEVICE/App/usb_device.o
 .ARM.attributes
                0x00000000000004eb       0x34 ./USB_DEVICE/App/usbd_cdc_if.o
 .ARM.attributes
                0x000000000000051f       0x34 ./USB_DEVICE/App/usbd_desc.o
 .ARM.attributes
                0x0000000000000553       0x34 ./USB_DEVICE/Target/usbd_conf.o
 .ARM.attributes
                0x0000000000000587       0x34 c:/st/stm32cubeide_1.8.0/stm32cubeide/plugins/com.st.stm32cube.ide.mcu.externaltools.gnu-tools-for-stm32.9-2020-q2-update.win32_2.0.0.202105311346/tools/bin/../lib/gcc/arm-none-eabi/9.3.1/../../../../arm-none-eabi/lib/thumb/v7e-m+fp/hard\libc_nano.a(lib_a-init.o)
 .ARM.attributes
                0x00000000000005bb       0x34 c:/st/stm32cubeide_1.8.0/stm32cubeide/plugins/com.st.stm32cube.ide.mcu.externaltools.gnu-tools-for-stm32.9-2020-q2-update.win32_2.0.0.202105311346/tools/bin/../lib/gcc/arm-none-eabi/9.3.1/../../../../arm-none-eabi/lib/thumb/v7e-m+fp/hard\libc_nano.a(lib_a-memset.o)
 .ARM.attributes
                0x00000000000005ef       0x1e c:/st/stm32cubeide_1.8.0/stm32cubeide/plugins/com.st.stm32cube.ide.mcu.externaltools.gnu-tools-for-stm32.9-2020-q2-update.win32_2.0.0.202105311346/tools/bin/../lib/gcc/arm-none-eabi/9.3.1/thumb/v7e-m+fp/hard/crtn.o
OUTPUT(arduino uart.elf elf32-littlearm)
LOAD linker stubs
LOAD c:/st/stm32cubeide_1.8.0/stm32cubeide/plugins/com.st.stm32cube.ide.mcu.externaltools.gnu-tools-for-stm32.9-2020-q2-update.win32_2.0.0.202105311346/tools/bin/../lib/gcc/arm-none-eabi/9.3.1/../../../../arm-none-eabi/lib/thumb/v7e-m+fp/hard\libc.a
LOAD c:/st/stm32cubeide_1.8.0/stm32cubeide/plugins/com.st.stm32cube.ide.mcu.externaltools.gnu-tools-for-stm32.9-2020-q2-update.win32_2.0.0.202105311346/tools/bin/../lib/gcc/arm-none-eabi/9.3.1/../../../../arm-none-eabi/lib/thumb/v7e-m+fp/hard\libm.a
LOAD c:/st/stm32cubeide_1.8.0/stm32cubeide/plugins/com.st.stm32cube.ide.mcu.externaltools.gnu-tools-for-stm32.9-2020-q2-update.win32_2.0.0.202105311346/tools/bin/../lib/gcc/arm-none-eabi/9.3.1/thumb/v7e-m+fp/hard\libgcc.a

.debug_info     0x0000000000000000    0x1dbe8
 .debug_info    0x0000000000000000      0x57d ./Core/Src/gpio.o
 .debug_info    0x000000000000057d     0x1a39 ./Core/Src/main.o
 .debug_info    0x0000000000001fb6      0x57d ./Core/Src/stm32l4xx_hal_msp.o
 .debug_info    0x0000000000002533      0xf99 ./Core/Src/stm32l4xx_hal_timebase_tim.o
 .debug_info    0x00000000000034cc      0xf80 ./Core/Src/stm32l4xx_it.o
 .debug_info    0x000000000000444c      0x7aa ./Core/Src/system_stm32l4xx.o
 .debug_info    0x0000000000004bf6       0x22 ./Core/Startup/startup_stm32l4s5vitx.o
 .debug_info    0x0000000000004c18      0xd1d ./Drivers/STM32L4xx_HAL_Driver/Src/stm32l4xx_hal.o
 .debug_info    0x0000000000005935     0x104c ./Drivers/STM32L4xx_HAL_Driver/Src/stm32l4xx_hal_cortex.o
 .debug_info    0x0000000000006981      0xa96 ./Drivers/STM32L4xx_HAL_Driver/Src/stm32l4xx_hal_gpio.o
 .debug_info    0x0000000000007417     0x143f ./Drivers/STM32L4xx_HAL_Driver/Src/stm32l4xx_hal_pcd.o
 .debug_info    0x0000000000008856      0xa9d ./Drivers/STM32L4xx_HAL_Driver/Src/stm32l4xx_hal_pcd_ex.o
 .debug_info    0x00000000000092f3      0xc6e ./Drivers/STM32L4xx_HAL_Driver/Src/stm32l4xx_hal_pwr_ex.o
 .debug_info    0x0000000000009f61      0xf63 ./Drivers/STM32L4xx_HAL_Driver/Src/stm32l4xx_hal_rcc.o
 .debug_info    0x000000000000aec4     0x13a0 ./Drivers/STM32L4xx_HAL_Driver/Src/stm32l4xx_hal_rcc_ex.o
 .debug_info    0x000000000000c264     0x2f64 ./Drivers/STM32L4xx_HAL_Driver/Src/stm32l4xx_hal_tim.o
 .debug_info    0x000000000000f1c8     0x19bd ./Drivers/STM32L4xx_HAL_Driver/Src/stm32l4xx_hal_tim_ex.o
 .debug_info    0x0000000000010b85     0x1cbe ./Drivers/STM32L4xx_HAL_Driver/Src/stm32l4xx_ll_usb.o
 .debug_info    0x0000000000012843     0x1b41 ./Middlewares/ST/STM32_USB_Device_Library/Class/CDC/Src/usbd_cdc.o
 .debug_info    0x0000000000014384     0x1506 ./Middlewares/ST/STM32_USB_Device_Library/Core/Src/usbd_core.o
 .debug_info    0x000000000001588a     0x14d2 ./Middlewares/ST/STM32_USB_Device_Library/Core/Src/usbd_ctlreq.o
 .debug_info    0x0000000000016d5c     0x11f4 ./Middlewares/ST/STM32_USB_Device_Library/Core/Src/usbd_ioreq.o
 .debug_info    0x0000000000017f50     0x115d ./USB_DEVICE/App/usb_device.o
 .debug_info    0x00000000000190ad     0x138e ./USB_DEVICE/App/usbd_cdc_if.o
 .debug_info    0x000000000001a43b      0xfb8 ./USB_DEVICE/App/usbd_desc.o
 .debug_info    0x000000000001b3f3     0x27f5 ./USB_DEVICE/Target/usbd_conf.o

.debug_abbrev   0x0000000000000000     0x3a5c
 .debug_abbrev  0x0000000000000000      0x13d ./Core/Src/gpio.o
 .debug_abbrev  0x000000000000013d      0x284 ./Core/Src/main.o
 .debug_abbrev  0x00000000000003c1      0x13d ./Core/Src/stm32l4xx_hal_msp.o
 .debug_abbrev  0x00000000000004fe      0x1bf ./Core/Src/stm32l4xx_hal_timebase_tim.o
 .debug_abbrev  0x00000000000006bd      0x1c7 ./Core/Src/stm32l4xx_it.o
 .debug_abbrev  0x0000000000000884      0x165 ./Core/Src/system_stm32l4xx.o
 .debug_abbrev  0x00000000000009e9       0x12 ./Core/Startup/startup_stm32l4s5vitx.o
 .debug_abbrev  0x00000000000009fb      0x227 ./Drivers/STM32L4xx_HAL_Driver/Src/stm32l4xx_hal.o
 .debug_abbrev  0x0000000000000c22      0x33c ./Drivers/STM32L4xx_HAL_Driver/Src/stm32l4xx_hal_cortex.o
 .debug_abbrev  0x0000000000000f5e      0x1e8 ./Drivers/STM32L4xx_HAL_Driver/Src/stm32l4xx_hal_gpio.o
 .debug_abbrev  0x0000000000001146      0x282 ./Drivers/STM32L4xx_HAL_Driver/Src/stm32l4xx_hal_pcd.o
 .debug_abbrev  0x00000000000013c8      0x246 ./Drivers/STM32L4xx_HAL_Driver/Src/stm32l4xx_hal_pcd_ex.o
 .debug_abbrev  0x000000000000160e      0x1f3 ./Drivers/STM32L4xx_HAL_Driver/Src/stm32l4xx_hal_pwr_ex.o
 .debug_abbrev  0x0000000000001801      0x2b1 ./Drivers/STM32L4xx_HAL_Driver/Src/stm32l4xx_hal_rcc.o
 .debug_abbrev  0x0000000000001ab2      0x268 ./Drivers/STM32L4xx_HAL_Driver/Src/stm32l4xx_hal_rcc_ex.o
 .debug_abbrev  0x0000000000001d1a      0x25e ./Drivers/STM32L4xx_HAL_Driver/Src/stm32l4xx_hal_tim.o
 .debug_abbrev  0x0000000000001f78      0x266 ./Drivers/STM32L4xx_HAL_Driver/Src/stm32l4xx_hal_tim_ex.o
 .debug_abbrev  0x00000000000021de      0x2a7 ./Drivers/STM32L4xx_HAL_Driver/Src/stm32l4xx_ll_usb.o
 .debug_abbrev  0x0000000000002485      0x2fc ./Middlewares/ST/STM32_USB_Device_Library/Class/CDC/Src/usbd_cdc.o
 .debug_abbrev  0x0000000000002781      0x2b7 ./Middlewares/ST/STM32_USB_Device_Library/Core/Src/usbd_core.o
 .debug_abbrev  0x0000000000002a38      0x2fc ./Middlewares/ST/STM32_USB_Device_Library/Core/Src/usbd_ctlreq.o
 .debug_abbrev  0x0000000000002d34      0x22a ./Middlewares/ST/STM32_USB_Device_Library/Core/Src/usbd_ioreq.o
 .debug_abbrev  0x0000000000002f5e      0x204 ./USB_DEVICE/App/usb_device.o
 .debug_abbrev  0x0000000000003162      0x30c ./USB_DEVICE/App/usbd_cdc_if.o
 .debug_abbrev  0x000000000000346e      0x2aa ./USB_DEVICE/App/usbd_desc.o
 .debug_abbrev  0x0000000000003718      0x344 ./USB_DEVICE/Target/usbd_conf.o

.debug_aranges  0x0000000000000000     0x13c8
 .debug_aranges
                0x0000000000000000       0x20 ./Core/Src/gpio.o
 .debug_aranges
                0x0000000000000020       0x38 ./Core/Src/main.o
 .debug_aranges
                0x0000000000000058       0x20 ./Core/Src/stm32l4xx_hal_msp.o
 .debug_aranges
                0x0000000000000078       0x30 ./Core/Src/stm32l4xx_hal_timebase_tim.o
 .debug_aranges
                0x00000000000000a8       0x70 ./Core/Src/stm32l4xx_it.o
 .debug_aranges
                0x0000000000000118       0x28 ./Core/Src/system_stm32l4xx.o
 .debug_aranges
                0x0000000000000140       0x28 ./Core/Startup/startup_stm32l4s5vitx.o
 .debug_aranges
                0x0000000000000168      0x130 ./Drivers/STM32L4xx_HAL_Driver/Src/stm32l4xx_hal.o
 .debug_aranges
                0x0000000000000298      0x118 ./Drivers/STM32L4xx_HAL_Driver/Src/stm32l4xx_hal_cortex.o
 .debug_aranges
                0x00000000000003b0       0x58 ./Drivers/STM32L4xx_HAL_Driver/Src/stm32l4xx_hal_gpio.o
 .debug_aranges
                0x0000000000000408      0x138 ./Drivers/STM32L4xx_HAL_Driver/Src/stm32l4xx_hal_pcd.o
 .debug_aranges
                0x0000000000000540       0x60 ./Drivers/STM32L4xx_HAL_Driver/Src/stm32l4xx_hal_pcd_ex.o
 .debug_aranges
                0x00000000000005a0      0x170 ./Drivers/STM32L4xx_HAL_Driver/Src/stm32l4xx_hal_pwr_ex.o
 .debug_aranges
                0x0000000000000710       0x98 ./Drivers/STM32L4xx_HAL_Driver/Src/stm32l4xx_hal_rcc.o
 .debug_aranges
                0x00000000000007a8      0x110 ./Drivers/STM32L4xx_HAL_Driver/Src/stm32l4xx_hal_rcc_ex.o
 .debug_aranges
                0x00000000000008b8      0x3e0 ./Drivers/STM32L4xx_HAL_Driver/Src/stm32l4xx_hal_tim.o
 .debug_aranges
                0x0000000000000c98      0x180 ./Drivers/STM32L4xx_HAL_Driver/Src/stm32l4xx_hal_tim_ex.o
 .debug_aranges
                0x0000000000000e18      0x1a0 ./Drivers/STM32L4xx_HAL_Driver/Src/stm32l4xx_ll_usb.o
 .debug_aranges
                0x0000000000000fb8       0x90 ./Middlewares/ST/STM32_USB_Device_Library/Class/CDC/Src/usbd_cdc.o
 .debug_aranges
                0x0000000000001048       0xb8 ./Middlewares/ST/STM32_USB_Device_Library/Core/Src/usbd_core.o
 .debug_aranges
                0x0000000000001100       0x90 ./Middlewares/ST/STM32_USB_Device_Library/Core/Src/usbd_ctlreq.o
 .debug_aranges
                0x0000000000001190       0x50 ./Middlewares/ST/STM32_USB_Device_Library/Core/Src/usbd_ioreq.o
 .debug_aranges
                0x00000000000011e0       0x20 ./USB_DEVICE/App/usb_device.o
 .debug_aranges
                0x0000000000001200       0x48 ./USB_DEVICE/App/usbd_cdc_if.o
 .debug_aranges
                0x0000000000001248       0x68 ./USB_DEVICE/App/usbd_desc.o
 .debug_aranges
                0x00000000000012b0      0x118 ./USB_DEVICE/Target/usbd_conf.o

.debug_ranges   0x0000000000000000     0x1230
 .debug_ranges  0x0000000000000000       0x10 ./Core/Src/gpio.o
 .debug_ranges  0x0000000000000010       0x28 ./Core/Src/main.o
 .debug_ranges  0x0000000000000038       0x10 ./Core/Src/stm32l4xx_hal_msp.o
 .debug_ranges  0x0000000000000048       0x20 ./Core/Src/stm32l4xx_hal_timebase_tim.o
 .debug_ranges  0x0000000000000068       0x60 ./Core/Src/stm32l4xx_it.o
 .debug_ranges  0x00000000000000c8       0x18 ./Core/Src/system_stm32l4xx.o
 .debug_ranges  0x00000000000000e0       0x20 ./Core/Startup/startup_stm32l4s5vitx.o
 .debug_ranges  0x0000000000000100      0x120 ./Drivers/STM32L4xx_HAL_Driver/Src/stm32l4xx_hal.o
 .debug_ranges  0x0000000000000220      0x108 ./Drivers/STM32L4xx_HAL_Driver/Src/stm32l4xx_hal_cortex.o
 .debug_ranges  0x0000000000000328       0x48 ./Drivers/STM32L4xx_HAL_Driver/Src/stm32l4xx_hal_gpio.o
 .debug_ranges  0x0000000000000370      0x128 ./Drivers/STM32L4xx_HAL_Driver/Src/stm32l4xx_hal_pcd.o
 .debug_ranges  0x0000000000000498       0x50 ./Drivers/STM32L4xx_HAL_Driver/Src/stm32l4xx_hal_pcd_ex.o
 .debug_ranges  0x00000000000004e8      0x160 ./Drivers/STM32L4xx_HAL_Driver/Src/stm32l4xx_hal_pwr_ex.o
 .debug_ranges  0x0000000000000648       0x88 ./Drivers/STM32L4xx_HAL_Driver/Src/stm32l4xx_hal_rcc.o
 .debug_ranges  0x00000000000006d0      0x100 ./Drivers/STM32L4xx_HAL_Driver/Src/stm32l4xx_hal_rcc_ex.o
 .debug_ranges  0x00000000000007d0      0x3d0 ./Drivers/STM32L4xx_HAL_Driver/Src/stm32l4xx_hal_tim.o
 .debug_ranges  0x0000000000000ba0      0x170 ./Drivers/STM32L4xx_HAL_Driver/Src/stm32l4xx_hal_tim_ex.o
 .debug_ranges  0x0000000000000d10      0x190 ./Drivers/STM32L4xx_HAL_Driver/Src/stm32l4xx_ll_usb.o
 .debug_ranges  0x0000000000000ea0       0x80 ./Middlewares/ST/STM32_USB_Device_Library/Class/CDC/Src/usbd_cdc.o
 .debug_ranges  0x0000000000000f20       0xa8 ./Middlewares/ST/STM32_USB_Device_Library/Core/Src/usbd_core.o
 .debug_ranges  0x0000000000000fc8       0x80 ./Middlewares/ST/STM32_USB_Device_Library/Core/Src/usbd_ctlreq.o
 .debug_ranges  0x0000000000001048       0x40 ./Middlewares/ST/STM32_USB_Device_Library/Core/Src/usbd_ioreq.o
 .debug_ranges  0x0000000000001088       0x10 ./USB_DEVICE/App/usb_device.o
 .debug_ranges  0x0000000000001098       0x38 ./USB_DEVICE/App/usbd_cdc_if.o
 .debug_ranges  0x00000000000010d0       0x58 ./USB_DEVICE/App/usbd_desc.o
 .debug_ranges  0x0000000000001128      0x108 ./USB_DEVICE/Target/usbd_conf.o

.debug_macro    0x0000000000000000    0x2da32
 .debug_macro   0x0000000000000000      0x20b ./Core/Src/gpio.o
 .debug_macro   0x000000000000020b      0xaa8 ./Core/Src/gpio.o
 .debug_macro   0x0000000000000cb3      0x1ad ./Core/Src/gpio.o
 .debug_macro   0x0000000000000e60       0x2e ./Core/Src/gpio.o
 .debug_macro   0x0000000000000e8e       0x28 ./Core/Src/gpio.o
 .debug_macro   0x0000000000000eb6       0x22 ./Core/Src/gpio.o
 .debug_macro   0x0000000000000ed8       0x8e ./Core/Src/gpio.o
 .debug_macro   0x0000000000000f66       0x51 ./Core/Src/gpio.o
 .debug_macro   0x0000000000000fb7      0x103 ./Core/Src/gpio.o
 .debug_macro   0x00000000000010ba       0x6a ./Core/Src/gpio.o
 .debug_macro   0x0000000000001124      0x1df ./Core/Src/gpio.o
 .debug_macro   0x0000000000001303       0x1c ./Core/Src/gpio.o
 .debug_macro   0x000000000000131f       0x22 ./Core/Src/gpio.o
 .debug_macro   0x0000000000001341      0x101 ./Core/Src/gpio.o
 .debug_macro   0x0000000000001442     0x1011 ./Core/Src/gpio.o
 .debug_macro   0x0000000000002453      0x11f ./Core/Src/gpio.o
 .debug_macro   0x0000000000002572    0x1d292 ./Core/Src/gpio.o
 .debug_macro   0x000000000001f804       0x6d ./Core/Src/gpio.o
 .debug_macro   0x000000000001f871     0x38e9 ./Core/Src/gpio.o
 .debug_macro   0x000000000002315a      0x174 ./Core/Src/gpio.o
 .debug_macro   0x00000000000232ce       0x5c ./Core/Src/gpio.o
 .debug_macro   0x000000000002332a     0x1910 ./Core/Src/gpio.o
 .debug_macro   0x0000000000024c3a      0x7dc ./Core/Src/gpio.o
 .debug_macro   0x0000000000025416      0x1b9 ./Core/Src/gpio.o
 .debug_macro   0x00000000000255cf      0x225 ./Core/Src/gpio.o
 .debug_macro   0x00000000000257f4      0x486 ./Core/Src/gpio.o
 .debug_macro   0x0000000000025c7a      0x1ce ./Core/Src/gpio.o
 .debug_macro   0x0000000000025e48       0x43 ./Core/Src/gpio.o
 .debug_macro   0x0000000000025e8b      0x23d ./Core/Src/gpio.o
 .debug_macro   0x00000000000260c8      0x241 ./Core/Src/gpio.o
 .debug_macro   0x0000000000026309      0x416 ./Core/Src/gpio.o
 .debug_macro   0x000000000002671f       0x1c ./Core/Src/gpio.o
 .debug_macro   0x000000000002673b       0xf2 ./Core/Src/gpio.o
 .debug_macro   0x000000000002682d      0x22c ./Core/Src/gpio.o
 .debug_macro   0x0000000000026a59       0x61 ./Core/Src/gpio.o
 .debug_macro   0x0000000000026aba       0xa5 ./Core/Src/gpio.o
 .debug_macro   0x0000000000026b5f      0x1ed ./Core/Src/gpio.o
 .debug_macro   0x0000000000026d4c       0x97 ./Core/Src/gpio.o
 .debug_macro   0x0000000000026de3      0x122 ./Core/Src/gpio.o
 .debug_macro   0x0000000000026f05      0x3f6 ./Core/Src/gpio.o
 .debug_macro   0x00000000000272fb      0xa75 ./Core/Src/gpio.o
 .debug_macro   0x0000000000027d70      0x196 ./Core/Src/gpio.o
 .debug_macro   0x0000000000027f06      0x432 ./Core/Src/gpio.o
 .debug_macro   0x0000000000028338      0x444 ./Core/Src/main.o
 .debug_macro   0x000000000002877c       0x52 ./Core/Src/main.o
 .debug_macro   0x00000000000287ce       0x18 ./Core/Src/main.o
 .debug_macro   0x00000000000287e6       0x3c ./Core/Src/main.o
 .debug_macro   0x0000000000028822       0x34 ./Core/Src/main.o
 .debug_macro   0x0000000000028856       0x16 ./Core/Src/main.o
 .debug_macro   0x000000000002886c       0x35 ./Core/Src/main.o
 .debug_macro   0x00000000000288a1      0x333 ./Core/Src/main.o
 .debug_macro   0x0000000000028bd4       0x10 ./Core/Src/main.o
 .debug_macro   0x0000000000028be4       0x16 ./Core/Src/main.o
 .debug_macro   0x0000000000028bfa       0x43 ./Core/Src/main.o
 .debug_macro   0x0000000000028c3d       0x34 ./Core/Src/main.o
 .debug_macro   0x0000000000028c71       0x10 ./Core/Src/main.o
 .debug_macro   0x0000000000028c81       0x58 ./Core/Src/main.o
 .debug_macro   0x0000000000028cd9       0x71 ./Core/Src/main.o
 .debug_macro   0x0000000000028d4a       0x1c ./Core/Src/main.o
 .debug_macro   0x0000000000028d66      0x12a ./Core/Src/main.o
 .debug_macro   0x0000000000028e90       0x10 ./Core/Src/main.o
 .debug_macro   0x0000000000028ea0       0x1c ./Core/Src/main.o
 .debug_macro   0x0000000000028ebc       0x52 ./Core/Src/main.o
 .debug_macro   0x0000000000028f0e       0x22 ./Core/Src/main.o
 .debug_macro   0x0000000000028f30       0x10 ./Core/Src/main.o
 .debug_macro   0x0000000000028f40       0x40 ./Core/Src/main.o
 .debug_macro   0x0000000000028f80       0xd5 ./Core/Src/main.o
 .debug_macro   0x0000000000029055       0x1c ./Core/Src/main.o
 .debug_macro   0x0000000000029071       0x3d ./Core/Src/main.o
 .debug_macro   0x00000000000290ae       0x16 ./Core/Src/main.o
 .debug_macro   0x00000000000290c4      0x145 ./Core/Src/main.o
 .debug_macro   0x0000000000029209       0x16 ./Core/Src/main.o
 .debug_macro   0x000000000002921f       0x16 ./Core/Src/main.o
 .debug_macro   0x0000000000029235       0x29 ./Core/Src/main.o
 .debug_macro   0x000000000002925e       0x16 ./Core/Src/main.o
 .debug_macro   0x0000000000029274       0x20 ./Core/Src/main.o
 .debug_macro   0x0000000000029294       0x5f ./Core/Src/main.o
 .debug_macro   0x00000000000292f3      0x1ef ./Core/Src/main.o
 .debug_macro   0x00000000000294e2       0x95 ./Core/Src/main.o
 .debug_macro   0x0000000000029577       0x10 ./Core/Src/main.o
 .debug_macro   0x0000000000029587      0x201 ./Core/Src/stm32l4xx_hal_msp.o
 .debug_macro   0x0000000000029788      0x1f7 ./Core/Src/stm32l4xx_hal_timebase_tim.o
 .debug_macro   0x000000000002997f      0x20b ./Core/Src/stm32l4xx_it.o
 .debug_macro   0x0000000000029b8a      0x1f7 ./Core/Src/system_stm32l4xx.o
 .debug_macro   0x0000000000029d81      0x245 ./Drivers/STM32L4xx_HAL_Driver/Src/stm32l4xx_hal.o
 .debug_macro   0x0000000000029fc6      0x1f7 ./Drivers/STM32L4xx_HAL_Driver/Src/stm32l4xx_hal_cortex.o
 .debug_macro   0x000000000002a1bd      0x1fe ./Drivers/STM32L4xx_HAL_Driver/Src/stm32l4xx_hal_gpio.o
 .debug_macro   0x000000000002a3bb      0x203 ./Drivers/STM32L4xx_HAL_Driver/Src/stm32l4xx_hal_pcd.o
 .debug_macro   0x000000000002a5be      0x1f7 ./Drivers/STM32L4xx_HAL_Driver/Src/stm32l4xx_hal_pcd_ex.o
 .debug_macro   0x000000000002a7b5      0x221 ./Drivers/STM32L4xx_HAL_Driver/Src/stm32l4xx_hal_pwr_ex.o
 .debug_macro   0x000000000002a9d6      0x239 ./Drivers/STM32L4xx_HAL_Driver/Src/stm32l4xx_hal_rcc.o
 .debug_macro   0x000000000002ac0f      0x22d ./Drivers/STM32L4xx_HAL_Driver/Src/stm32l4xx_hal_rcc_ex.o
 .debug_macro   0x000000000002ae3c      0x1f8 ./Drivers/STM32L4xx_HAL_Driver/Src/stm32l4xx_hal_tim.o
 .debug_macro   0x000000000002b034      0x1f7 ./Drivers/STM32L4xx_HAL_Driver/Src/stm32l4xx_hal_tim_ex.o
 .debug_macro   0x000000000002b22b      0x1f7 ./Drivers/STM32L4xx_HAL_Driver/Src/stm32l4xx_ll_usb.o
 .debug_macro   0x000000000002b422      0x417 ./Middlewares/ST/STM32_USB_Device_Library/Class/CDC/Src/usbd_cdc.o
 .debug_macro   0x000000000002b839       0x97 ./Middlewares/ST/STM32_USB_Device_Library/Class/CDC/Src/usbd_cdc.o
 .debug_macro   0x000000000002b8d0       0xfd ./Middlewares/ST/STM32_USB_Device_Library/Class/CDC/Src/usbd_cdc.o
 .debug_macro   0x000000000002b9cd       0xfb ./Middlewares/ST/STM32_USB_Device_Library/Class/CDC/Src/usbd_cdc.o
 .debug_macro   0x000000000002bac8       0x56 ./Middlewares/ST/STM32_USB_Device_Library/Class/CDC/Src/usbd_cdc.o
 .debug_macro   0x000000000002bb1e      0x3fe ./Middlewares/ST/STM32_USB_Device_Library/Core/Src/usbd_core.o
 .debug_macro   0x000000000002bf1c      0x1f5 ./Middlewares/ST/STM32_USB_Device_Library/Core/Src/usbd_core.o
 .debug_macro   0x000000000002c111      0x408 ./Middlewares/ST/STM32_USB_Device_Library/Core/Src/usbd_ctlreq.o
 .debug_macro   0x000000000002c519      0x404 ./Middlewares/ST/STM32_USB_Device_Library/Core/Src/usbd_ioreq.o
 .debug_macro   0x000000000002c91d      0x43d ./USB_DEVICE/App/usb_device.o
 .debug_macro   0x000000000002cd5a       0x22 ./USB_DEVICE/App/usb_device.o
 .debug_macro   0x000000000002cd7c       0x16 ./USB_DEVICE/App/usb_device.o
 .debug_macro   0x000000000002cd92      0x422 ./USB_DEVICE/App/usbd_cdc_if.o
 .debug_macro   0x000000000002d1b4      0x441 ./USB_DEVICE/App/usbd_desc.o
 .debug_macro   0x000000000002d5f5       0x1c ./USB_DEVICE/App/usbd_desc.o
 .debug_macro   0x000000000002d611      0x421 ./USB_DEVICE/Target/usbd_conf.o

.debug_line     0x0000000000000000    0x182c7
 .debug_line    0x0000000000000000      0x723 ./Core/Src/gpio.o
 .debug_line    0x0000000000000723      0xb17 ./Core/Src/main.o
 .debug_line    0x000000000000123a      0x726 ./Core/Src/stm32l4xx_hal_msp.o
 .debug_line    0x0000000000001960      0x783 ./Core/Src/stm32l4xx_hal_timebase_tim.o
 .debug_line    0x00000000000020e3      0x814 ./Core/Src/stm32l4xx_it.o
 .debug_line    0x00000000000028f7      0x7bc ./Core/Src/system_stm32l4xx.o
 .debug_line    0x00000000000030b3       0x88 ./Core/Startup/startup_stm32l4s5vitx.o
 .debug_line    0x000000000000313b      0xb16 ./Drivers/STM32L4xx_HAL_Driver/Src/stm32l4xx_hal.o
 .debug_line    0x0000000000003c51      0xcbd ./Drivers/STM32L4xx_HAL_Driver/Src/stm32l4xx_hal_cortex.o
 .debug_line    0x000000000000490e      0xb72 ./Drivers/STM32L4xx_HAL_Driver/Src/stm32l4xx_hal_gpio.o
 .debug_line    0x0000000000005480     0x123c ./Drivers/STM32L4xx_HAL_Driver/Src/stm32l4xx_hal_pcd.o
 .debug_line    0x00000000000066bc      0x902 ./Drivers/STM32L4xx_HAL_Driver/Src/stm32l4xx_hal_pcd_ex.o
 .debug_line    0x0000000000006fbe      0xd77 ./Drivers/STM32L4xx_HAL_Driver/Src/stm32l4xx_hal_pwr_ex.o
 .debug_line    0x0000000000007d35     0x1073 ./Drivers/STM32L4xx_HAL_Driver/Src/stm32l4xx_hal_rcc.o
 .debug_line    0x0000000000008da8     0x193e ./Drivers/STM32L4xx_HAL_Driver/Src/stm32l4xx_hal_rcc_ex.o
 .debug_line    0x000000000000a6e6     0x3d50 ./Drivers/STM32L4xx_HAL_Driver/Src/stm32l4xx_hal_tim.o
 .debug_line    0x000000000000e436     0x1c0f ./Drivers/STM32L4xx_HAL_Driver/Src/stm32l4xx_hal_tim_ex.o
 .debug_line    0x0000000000010045     0x1934 ./Drivers/STM32L4xx_HAL_Driver/Src/stm32l4xx_ll_usb.o
 .debug_line    0x0000000000011979      0xdf4 ./Middlewares/ST/STM32_USB_Device_Library/Class/CDC/Src/usbd_cdc.o
 .debug_line    0x000000000001276d      0xe77 ./Middlewares/ST/STM32_USB_Device_Library/Core/Src/usbd_core.o
 .debug_line    0x00000000000135e4     0x1114 ./Middlewares/ST/STM32_USB_Device_Library/Core/Src/usbd_ctlreq.o
 .debug_line    0x00000000000146f8      0xace ./Middlewares/ST/STM32_USB_Device_Library/Core/Src/usbd_ioreq.o
 .debug_line    0x00000000000151c6      0xa8a ./USB_DEVICE/App/usb_device.o
 .debug_line    0x0000000000015c50      0xaed ./USB_DEVICE/App/usbd_cdc_if.o
 .debug_line    0x000000000001673d      0xb6e ./USB_DEVICE/App/usbd_desc.o
 .debug_line    0x00000000000172ab     0x101c ./USB_DEVICE/Target/usbd_conf.o

.debug_str      0x0000000000000000   0x10994f
 .debug_str     0x0000000000000000    0xfeafc ./Core/Src/gpio.o
                                      0xfedbe (size before relaxing)
 .debug_str     0x00000000000feafc     0x5917 ./Core/Src/main.o
                                     0x104773 (size before relaxing)
 .debug_str     0x0000000000104413       0x2c ./Core/Src/stm32l4xx_hal_msp.o
                                      0xfedbe (size before relaxing)
 .debug_str     0x000000000010443f      0x504 ./Core/Src/stm32l4xx_hal_timebase_tim.o
                                      0xff996 (size before relaxing)
 .debug_str     0x0000000000104943      0x450 ./Core/Src/stm32l4xx_it.o
                                      0xff676 (size before relaxing)
 .debug_str     0x0000000000104d93       0xb8 ./Core/Src/system_stm32l4xx.o
                                      0xfee39 (size before relaxing)
 .debug_str     0x0000000000104e4b       0x36 ./Core/Startup/startup_stm32l4s5vitx.o
                                         0x54 (size before relaxing)
 .debug_str     0x0000000000104e81      0x571 ./Drivers/STM32L4xx_HAL_Driver/Src/stm32l4xx_hal.o
                                      0xff983 (size before relaxing)
 .debug_str     0x00000000001053f2      0x389 ./Drivers/STM32L4xx_HAL_Driver/Src/stm32l4xx_hal_cortex.o
                                      0xff6ce (size before relaxing)
 .debug_str     0x000000000010577b      0x1d4 ./Drivers/STM32L4xx_HAL_Driver/Src/stm32l4xx_hal_gpio.o
                                      0xfefff (size before relaxing)
 .debug_str     0x000000000010594f      0x569 ./Drivers/STM32L4xx_HAL_Driver/Src/stm32l4xx_hal_pcd.o
                                      0xff5aa (size before relaxing)
 .debug_str     0x0000000000105eb8      0x1b4 ./Drivers/STM32L4xx_HAL_Driver/Src/stm32l4xx_hal_pcd_ex.o
                                      0xff211 (size before relaxing)
 .debug_str     0x000000000010606c      0x586 ./Drivers/STM32L4xx_HAL_Driver/Src/stm32l4xx_hal_pwr_ex.o
                                      0xff422 (size before relaxing)
 .debug_str     0x00000000001065f2      0x3fe ./Drivers/STM32L4xx_HAL_Driver/Src/stm32l4xx_hal_rcc.o
                                      0xff460 (size before relaxing)
 .debug_str     0x00000000001069f0      0x842 ./Drivers/STM32L4xx_HAL_Driver/Src/stm32l4xx_hal_rcc_ex.o
                                      0xff81c (size before relaxing)
 .debug_str     0x0000000000107232      0xe63 ./Drivers/STM32L4xx_HAL_Driver/Src/stm32l4xx_hal_tim.o
                                     0x1001b8 (size before relaxing)
 .debug_str     0x0000000000108095      0x65b ./Drivers/STM32L4xx_HAL_Driver/Src/stm32l4xx_hal_tim_ex.o
                                      0xffa8a (size before relaxing)
 .debug_str     0x00000000001086f0      0x6ab ./Drivers/STM32L4xx_HAL_Driver/Src/stm32l4xx_ll_usb.o
                                      0xff747 (size before relaxing)
 .debug_str     0x0000000000108d9b      0x2aa ./Middlewares/ST/STM32_USB_Device_Library/Class/CDC/Src/usbd_cdc.o
                                     0x1045b2 (size before relaxing)
 .debug_str     0x0000000000109045      0x1a2 ./Middlewares/ST/STM32_USB_Device_Library/Core/Src/usbd_core.o
                                     0x103e2a (size before relaxing)
 .debug_str     0x00000000001091e7      0x152 ./Middlewares/ST/STM32_USB_Device_Library/Core/Src/usbd_ctlreq.o
                                     0x103de8 (size before relaxing)
 .debug_str     0x0000000000109339       0xc9 ./Middlewares/ST/STM32_USB_Device_Library/Core/Src/usbd_ioreq.o
                                     0x103d38 (size before relaxing)
 .debug_str     0x0000000000109402       0xc2 ./USB_DEVICE/App/usb_device.o
                                     0x1040c7 (size before relaxing)
 .debug_str     0x00000000001094c4       0x9a ./USB_DEVICE/App/usbd_cdc_if.o
                                     0x104119 (size before relaxing)
 .debug_str     0x000000000010955e      0x298 ./USB_DEVICE/App/usbd_desc.o
                                     0x103cb4 (size before relaxing)
 .debug_str     0x00000000001097f6      0x159 ./USB_DEVICE/Target/usbd_conf.o
                                     0x10509b (size before relaxing)

.comment        0x0000000000000000       0x53
 .comment       0x0000000000000000       0x53 ./Core/Src/gpio.o
                                         0x54 (size before relaxing)
 .comment       0x0000000000000053       0x54 ./Core/Src/main.o
 .comment       0x0000000000000053       0x54 ./Core/Src/stm32l4xx_hal_msp.o
 .comment       0x0000000000000053       0x54 ./Core/Src/stm32l4xx_hal_timebase_tim.o
 .comment       0x0000000000000053       0x54 ./Core/Src/stm32l4xx_it.o
 .comment       0x0000000000000053       0x54 ./Core/Src/system_stm32l4xx.o
 .comment       0x0000000000000053       0x54 ./Drivers/STM32L4xx_HAL_Driver/Src/stm32l4xx_hal.o
 .comment       0x0000000000000053       0x54 ./Drivers/STM32L4xx_HAL_Driver/Src/stm32l4xx_hal_cortex.o
 .comment       0x0000000000000053       0x54 ./Drivers/STM32L4xx_HAL_Driver/Src/stm32l4xx_hal_gpio.o
 .comment       0x0000000000000053       0x54 ./Drivers/STM32L4xx_HAL_Driver/Src/stm32l4xx_hal_pcd.o
 .comment       0x0000000000000053       0x54 ./Drivers/STM32L4xx_HAL_Driver/Src/stm32l4xx_hal_pcd_ex.o